2026-02-04 10:41:18,628 [ALERT] 🚀 [BUY ALERT] NSE:SIEMENS-EQ (5min) triggered at 10:35!
2026-02-04 10:41:18,628 [ALERT]     ✨ LTP:   3308.10
2026-02-04 10:41:18,628 [ALERT]     ✅ Price: 3308.10 > FRVP VAH: 3292.80
2026-02-04 10:41:18,629 [ALERT]     ✅ CVD:   52411 > CVD Ref:  39740
2026-02-04 11:06:08,685 [ALERT] 🚀 [BUY ALERT] NSE:TRENT-EQ (5min) triggered at 11:00!
2026-02-04 11:06:08,686 [ALERT]     ✨ LTP:   3917.90
2026-02-04 11:06:08,688 [ALERT]     ✅ Price: 3917.90 > FRVP VAH: 3874.30
2026-02-04 11:06:08,689 [ALERT]     ✅ CVD:   32001 > CVD Ref:  14406
2026-02-04 11:06:12,153 [ALERT] 🚀 [BUY ALERT] NSE:TATAPOWER-EQ (5min) triggered at 11:00!
2026-02-04 11:06:12,154 [ALERT]     ✨ LTP:   371.05
2026-02-04 11:06:12,157 [ALERT]     ✅ Price: 371.05 > FRVP VAH: 371.00
2026-02-04 11:06:12,158 [ALERT]     ✅ CVD:   439656 > CVD Ref:  383647
2026-02-04 11:06:16,692 [ALERT] 🚀 [BUY ALERT] NSE:TRENT-EQ (5min) triggered at 11:00!
2026-02-04 11:06:16,692 [ALERT]     ✨ LTP:   3917.90
2026-02-04 11:06:16,693 [ALERT]     ✅ Price: 3917.90 > FRVP VAH: 3874.30
2026-02-04 11:06:16,693 [ALERT]     ✅ CVD:   32001 > CVD Ref:  14406
2026-02-04 11:06:19,364 [ALERT] 🚀 [BUY ALERT] NSE:TATAPOWER-EQ (5min) triggered at 11:00!
2026-02-04 11:06:19,365 [ALERT]     ✨ LTP:   371.05
2026-02-04 11:06:19,365 [ALERT]     ✅ Price: 371.05 > FRVP VAH: 371.00
2026-02-04 11:06:19,366 [ALERT]     ✅ CVD:   439656 > CVD Ref:  383647
2026-02-04 11:15:24,288 [ALERT] 🚀 [BUY ALERT] NSE:TRENT-EQ (5min) triggered at 11:05!
2026-02-04 11:15:24,289 [ALERT]     ✨ LTP:   3912.60
2026-02-04 11:15:24,289 [ALERT]     ✅ Price: 3912.60 > FRVP VAH: 3874.30
2026-02-04 11:15:24,290 [ALERT]     ✅ CVD:   47348 > CVD Ref:  14406
2026-02-04 11:36:20,606 [ALERT] 🚀 [BUY ALERT] NSE:HDFCAMC-EQ (5min) triggered at 11:30!
2026-02-04 11:36:20,607 [ALERT]     ✨ LTP:   2718.40
2026-02-04 11:36:20,607 [ALERT]     ✅ Price: 2718.40 > FRVP VAH: 2717.55
2026-02-04 11:36:20,608 [ALERT]     ✅ CVD:   631099 > CVD Ref:  494654
2026-02-04 12:11:45,783 [ALERT] 🚀 [BUY ALERT] NSE:YESBANK-EQ (5min) triggered at 12:05!
2026-02-04 12:11:45,783 [ALERT]     ✨ LTP:   21.58
2026-02-04 12:11:45,784 [ALERT]     ✅ Price: 21.58 > FRVP VAH: 21.55
2026-02-04 12:11:45,784 [ALERT]     ✅ CVD:   6018995 > CVD Ref:  4291035
2026-02-04 13:17:03,693 [ALERT] 🚀 [BUY ALERT] NSE:BSE-EQ (5min) triggered at 13:10!
2026-02-04 13:17:03,694 [ALERT]     ✨ LTP:   2895.00
2026-02-04 13:17:03,694 [ALERT]     ✅ Price: 2895.00 > FRVP VAH: 2892.50
2026-02-04 13:17:03,695 [ALERT]     ✅ CVD:   393959 > CVD Ref:  226141
2026-02-04 15:26:04,510 [ALERT] 🚀 [BUY ALERT] NSE:BPCL-EQ (5min) triggered at 15:20!
2026-02-04 15:26:04,512 [ALERT]     ✨ LTP:   382.95
2026-02-04 15:26:04,512 [ALERT]     ✅ Price: 382.95 > FRVP VAH: 382.20
2026-02-04 15:26:04,512 [ALERT]     ✅ CVD:   1543323 > CVD Ref:  1362158
