
2026-01-29 11:20:41,236 [ALERT] 🚀 [BUY ALERT] NSE:JINDALSTEL-EQ (5min) triggered at 11:10!
2026-01-29 11:20:41,237 [ALERT]     ✅ Price: 1158.50 > FRVP VAH: 1158.30
2026-01-29 11:20:41,238 [ALERT]     ✅ CVD:   266672 > CVD Ref:  251667
2026-01-29 11:20:43,842 [ALERT] 🚀 [BUY ALERT] NSE:COALINDIA-EQ (5min) triggered at 11:10!
2026-01-29 11:20:43,843 [ALERT]     ✅ Price: 450.60 > FRVP VAH: 449.75
2026-01-29 11:20:43,844 [ALERT]     ✅ CVD:   810478 > CVD Ref:  540560
2026-01-29 11:20:46,991 [ALERT] 🚀 [BUY ALERT] NSE:NTPC-EQ (5min) triggered at 11:10!
2026-01-29 11:20:46,992 [ALERT]     ✅ Price: 358.90 > FRVP VAH: 353.60
2026-01-29 11:20:46,993 [ALERT]     ✅ CVD:   682862 > CVD Ref:  562400
2026-01-29 11:32:02,311 [ALERT] 🚀 [BUY ALERT] NSE:TATAPOWER-EQ (5min) triggered at 11:25!
2026-01-29 11:32:02,379 [ALERT]     ✅ Price: 363.65 > FRVP VAH: 360.60
2026-01-29 11:32:02,380 [ALERT]     ✅ CVD:   228000 > CVD Ref:  189218
2026-01-29 11:32:09,537 [ALERT] 🚀 [BUY ALERT] NSE:TATAPOWER-EQ (5min) triggered at 11:25!
2026-01-29 11:32:09,538 [ALERT]     ✅ Price: 363.65 > FRVP VAH: 360.60
2026-01-29 11:32:09,539 [ALERT]     ✅ CVD:   228000 > CVD Ref:  189218
2026-01-29 11:51:23,504 [ALERT] 🚀 [BUY ALERT] NSE:DLF-EQ (5min) triggered at 11:45!
2026-01-29 11:51:23,504 [ALERT]     ✅ Price: 634.90 > FRVP VAH: 634.50
2026-01-29 11:51:23,504 [ALERT]     ✅ CVD:   391956 > CVD Ref:  43551
2026-01-29 11:51:45,464 [ALERT] 🚀 [BUY ALERT] NSE:DLF-EQ (5min) triggered at 11:45!
2026-01-29 11:51:45,464 [ALERT]     ✅ Price: 634.90 > FRVP VAH: 634.50
2026-01-29 13:03:38,447 [ALERT] 🚀 [BUY ALERT] NSE:JINDALSTEL-EQ (5min) triggered at 12:55!
2026-01-29 13:03:38,448 [ALERT]     ✅ Price: 1162.20 > FRVP VAH: 1158.30
2026-01-29 13:03:38,449 [ALERT]     ✅ CVD:   351689 > CVD Ref:  251667
2026-01-29 13:03:39,677 [ALERT] 🚀 [BUY ALERT] NSE:DLF-EQ (5min) triggered at 12:55!
2026-01-29 13:03:39,679 [ALERT]     ✅ Price: 637.30 > FRVP VAH: 634.50
2026-01-29 13:03:39,680 [ALERT]     ✅ CVD:   427532 > CVD Ref:  43551
2026-01-29 13:03:42,037 [ALERT] 🚀 [BUY ALERT] NSE:NTPC-EQ (5min) triggered at 12:55!
2026-01-29 13:03:42,038 [ALERT]     ✅ Price: 357.85 > FRVP VAH: 353.60
2026-01-29 13:03:42,039 [ALERT]     ✅ CVD:   659783 > CVD Ref:  562400
2026-01-29 13:11:23,504 [ALERT] 🚀 [BUY ALERT] NSE:HDFCAMC-EQ (5min) triggered at 13:05!
2026-01-29 13:11:23,505 [ALERT]     ✅ Price: 2550.90 > FRVP VAH: 2523.15
2026-01-29 13:11:23,506 [ALERT]     ✅ CVD:   58356 > CVD Ref:  41804
2026-01-29 13:16:55,505 [ALERT] 🚀 [BUY ALERT] NSE:TATAPOWER-EQ (5min) triggered at 13:10!
2026-01-29 13:16:55,506 [ALERT]     ✅ Price: 364.10 > FRVP VAH: 360.60
2026-01-29 13:16:55,507 [ALERT]     ✅ CVD:   230898 > CVD Ref:  189218
2026-01-29 13:26:09,454 [ALERT] 🚀 [BUY ALERT] NSE:SAMMAANCAP-EQ (5min) triggered at 13:20!
2026-01-29 13:26:09,454 [ALERT]     ✅ Price: 145.72 > FRVP VAH: 144.20
2026-01-29 13:26:09,455 [ALERT]     ✅ CVD:   1775158 > CVD Ref:  1201640
2026-01-29 13:51:25,082 [ALERT] 🚀 [BUY ALERT] NSE:NATIONALUM-EQ (5min) triggered at 13:45!
2026-01-29 13:51:25,082 [ALERT]     ✅ Price: 429.00 > FRVP VAH: 420.30
2026-01-29 13:51:25,083 [ALERT]     ✅ CVD:   1706952 > CVD Ref:  1645702
2026-01-29 14:21:07,841 [ALERT] 🚀 [BUY ALERT] NSE:COALINDIA-EQ (5min) triggered at 14:15!
2026-01-29 14:21:07,846 [ALERT]     ✅ Price: 458.70 > FRVP VAH: 449.75
2026-01-29 14:21:07,847 [ALERT]     ✅ CVD:   999157 > CVD Ref:  540560
2026-01-29 15:11:47,552 [ALERT] 🚀 [BUY ALERT] NSE:JSWENERGY-EQ (5min) triggered at 15:05!
2026-01-29 15:11:47,554 [ALERT]     ✅ Price: 458.70 > FRVP VAH: 454.00
2026-01-29 15:11:47,555 [ALERT]     ✅ CVD:   200582 > CVD Ref:  192021
2026-01-29 15:26:39,629 [ALERT] 🚀 [BUY ALERT] NSE:HINDALCO-EQ (5min) triggered at 15:20!
2026-01-29 15:26:39,633 [ALERT]     ✅ Price: 1026.00 > FRVP VAH: 1024.80
2026-01-29 15:26:39,633 [ALERT]     ✅ CVD:   752235 > CVD Ref:  563010
2026-01-29 15:31:56,485 [ALERT] 🚀 [BUY ALERT] NSE:MCX-EQ (5min) triggered at 15:25!
2026-01-29 15:31:56,486 [ALERT]     ✅ Price: 2704.00 > FRVP VAH: 2677.85
2026-01-29 15:31:56,486 [ALERT]     ✅ CVD:   280959 > CVD Ref:  194248
