2026-02-09 10:49:35,161 [ALERT] 🚀 [BUY ALERT] NSE:PGEL-EQ (5min) triggered at 10:40!
2026-02-09 10:49:35,161 [ALERT]     ✨ LTP:   601.65
2026-02-09 10:49:35,161 [ALERT]     ✅ Price: 601.65 > FRVP VAH: 598.50
2026-02-09 10:49:35,162 [ALERT]     ✅ CVD:   98168 > CVD Ref:  38028
2026-02-09 10:49:38,925 [ALERT] 🚀 [BUY ALERT] NSE:POLYCAB-EQ (5min) triggered at 10:40!
2026-02-09 10:49:38,925 [ALERT]     ✨ LTP:   7836.00
2026-02-09 10:49:38,926 [ALERT]     ✅ Price: 7836.00 > FRVP VAH: 7827.20
2026-02-09 10:49:38,926 [ALERT]     ✅ CVD:   60734 > CVD Ref:  59989
2026-02-09 10:49:39,180 [ALERT] 🚀 [BUY ALERT] NSE:BANDHANBNK-EQ (5min) triggered at 10:40!
2026-02-09 10:49:39,181 [ALERT]     ✨ LTP:   162.47
2026-02-09 10:49:39,183 [ALERT]     ✅ Price: 162.47 > FRVP VAH: 162.30
2026-02-09 10:49:39,183 [ALERT]     ✅ CVD:   682951 > CVD Ref:  664489
2026-02-09 10:49:40,063 [ALERT] 🚀 [BUY ALERT] NSE:BHEL-EQ (5min) triggered at 10:40!
2026-02-09 10:49:40,064 [ALERT]     ✨ LTP:   273.10
2026-02-09 10:49:40,064 [ALERT]     ✅ Price: 273.10 > FRVP VAH: 273.00
2026-02-09 10:49:40,065 [ALERT]     ✅ CVD:   341213 > CVD Ref:  308082
2026-02-09 10:49:40,448 [ALERT] 🚀 [BUY ALERT] NSE:INOXWIND-EQ (5min) triggered at 10:40!
2026-02-09 10:49:40,449 [ALERT]     ✨ LTP:   109.78
2026-02-09 10:49:40,449 [ALERT]     ✅ Price: 109.78 > FRVP VAH: 109.20
2026-02-09 10:49:40,449 [ALERT]     ✅ CVD:   776382 > CVD Ref:  753905
2026-02-09 10:49:40,691 [ALERT] 🚀 [BUY ALERT] NSE:FORTIS-EQ (5min) triggered at 10:40!
2026-02-09 10:49:40,691 [ALERT]     ✨ LTP:   871.50
2026-02-09 10:49:40,692 [ALERT]     ✅ Price: 871.50 > FRVP VAH: 867.60
2026-02-09 10:49:40,692 [ALERT]     ✅ CVD:   173702 > CVD Ref:  39886
2026-02-09 10:49:40,949 [ALERT] 🚀 [BUY ALERT] NSE:IDEA-EQ (5min) triggered at 10:40!
2026-02-09 10:49:40,949 [ALERT]     ✨ LTP:   11.55
2026-02-09 10:49:40,951 [ALERT]     ✅ Price: 11.55 > FRVP VAH: 11.50
2026-02-09 10:49:40,951 [ALERT]     ✅ CVD:   43635898 > CVD Ref:  35972844
2026-02-09 10:49:41,328 [ALERT] 🚀 [BUY ALERT] NSE:INDHOTEL-EQ (5min) triggered at 10:40!
2026-02-09 10:49:41,328 [ALERT]     ✨ LTP:   690.80
2026-02-09 10:49:41,329 [ALERT]     ✅ Price: 690.80 > FRVP VAH: 689.10
2026-02-09 10:49:41,329 [ALERT]     ✅ CVD:   80118 > CVD Ref:  76321
2026-02-09 11:01:21,404 [ALERT] 🚀 [BUY ALERT] NSE:PPLPHARMA-EQ (5min) triggered at 10:55!
2026-02-09 11:01:21,405 [ALERT]     ✨ LTP:   161.01
2026-02-09 11:01:21,405 [ALERT]     ✅ Price: 161.01 > FRVP VAH: 160.40
2026-02-09 11:01:21,405 [ALERT]     ✅ CVD:   57637 > CVD Ref:  45371
2026-02-09 11:16:44,570 [ALERT] 🚀 [BUY ALERT] NSE:LTF-EQ (5min) triggered at 11:10!
2026-02-09 11:16:44,571 [ALERT]     ✨ LTP:   296.35
2026-02-09 11:16:44,572 [ALERT]     ✅ Price: 296.35 > FRVP VAH: 294.70
2026-02-09 11:16:44,573 [ALERT]     ✅ CVD:   560961 > CVD Ref:  484091
2026-02-09 11:56:56,220 [ALERT] 🚀 [BUY ALERT] NSE:INDIANB-EQ (5min) triggered at 11:50!
2026-02-09 11:56:56,221 [ALERT]     ✨ LTP:   906.25
2026-02-09 11:56:56,221 [ALERT]     ✅ Price: 906.25 > FRVP VAH: 902.70
2026-02-09 11:56:56,221 [ALERT]     ✅ CVD:   145141 > CVD Ref:  136406
2026-02-09 12:06:17,539 [ALERT] 🚀 [BUY ALERT] NSE:YESBANK-EQ (5min) triggered at 12:00!
2026-02-09 12:06:17,540 [ALERT]     ✨ LTP:   21.61
2026-02-09 12:06:17,540 [ALERT]     ✅ Price: 21.61 > FRVP VAH: 21.55
2026-02-09 12:06:17,541 [ALERT]     ✅ CVD:   9341884 > CVD Ref:  8416317
2026-02-09 13:06:05,170 [ALERT] 🚀 [BUY ALERT] NSE:RBLBANK-EQ (5min) triggered at 13:00!
2026-02-09 13:06:05,170 [ALERT]     ✨ LTP:   307.70
2026-02-09 13:06:05,170 [ALERT]     ✅ Price: 307.70 > FRVP VAH: 307.60
2026-02-09 13:06:05,171 [ALERT]     ✅ CVD:   378219 > CVD Ref:  327314
