2026-02-05 10:31:25,329 [ALERT] 🚀 [SELL ALERT] NSE:MAZDOCK-EQ (5min) triggered at 10:25!
2026-02-05 10:31:25,329 [ALERT]     ✨ LTP:   2351.60
2026-02-05 10:31:25,329 [ALERT]     ✅ Price: 2351.60 < FRVP VAL: 2360.40
2026-02-05 10:31:25,330 [ALERT]     ✅ CVD:   -157836 < CVD Ref:  -139907
2026-02-05 10:31:25,330 [ALERT]     ℹ️  FRVP Info: POC=2363.20, VAL=2360.40
2026-02-05 10:31:28,355 [ALERT] 🚀 [SELL ALERT] NSE:KFINTECH-EQ (5min) triggered at 10:25!
2026-02-05 10:31:28,355 [ALERT]     ✨ LTP:   991.70
2026-02-05 10:31:28,356 [ALERT]     ✅ Price: 991.70 < FRVP VAL: 991.80
2026-02-05 10:31:28,356 [ALERT]     ✅ CVD:   -45864 < CVD Ref:  -43175
2026-02-05 10:31:28,357 [ALERT]     ℹ️  FRVP Info: POC=993.60, VAL=991.80
2026-02-05 10:46:17,148 [ALERT] 🚀 [SELL ALERT] NSE:LAURUSLABS-EQ (5min) triggered at 10:40!
2026-02-05 10:46:17,148 [ALERT]     ✨ LTP:   958.35
2026-02-05 10:46:17,148 [ALERT]     ✅ Price: 958.35 < FRVP VAL: 958.55
2026-02-05 10:46:17,150 [ALERT]     ✅ CVD:   -122491 < CVD Ref:  -115145
2026-02-05 10:46:17,150 [ALERT]     ℹ️  FRVP Info: POC=964.25, VAL=958.55
2026-02-05 11:07:08,195 [ALERT] 🚀 [SELL ALERT] NSE:360ONE-EQ (5min) triggered at 11:00!
2026-02-05 11:07:08,196 [ALERT]     ✨ LTP:   1134.20
2026-02-05 11:07:08,196 [ALERT]     ✅ Price: 1134.20 < FRVP VAL: 1138.50
2026-02-05 11:07:08,196 [ALERT]     ✅ CVD:   -37750 < CVD Ref:  -15821
2026-02-05 11:07:08,197 [ALERT]     ℹ️  FRVP Info: POC=1148.40, VAL=1138.50
2026-02-05 11:11:17,280 [ALERT] 🚀 [SELL ALERT] NSE:GODREJPROP-EQ (5min) triggered at 11:05!
2026-02-05 11:11:17,280 [ALERT]     ✨ LTP:   1674.50
2026-02-05 11:11:17,281 [ALERT]     ✅ Price: 1674.50 < FRVP VAL: 1678.95
2026-02-05 11:11:17,281 [ALERT]     ✅ CVD:   -33178 < CVD Ref:  -32589
2026-02-05 11:11:17,282 [ALERT]     ℹ️  FRVP Info: POC=1696.50, VAL=1678.95
2026-02-05 13:52:03,980 [ALERT] 🚀 [SELL ALERT] NSE:BHARTIARTL-EQ (5min) triggered at 13:45!
2026-02-05 13:52:03,980 [ALERT]     ✨ LTP:   1990.30
2026-02-05 13:52:03,981 [ALERT]     ✅ Price: 1990.30 < FRVP VAL: 2004.30
2026-02-05 13:52:03,981 [ALERT]     ✅ CVD:   -830147 < CVD Ref:  -581026
2026-02-05 13:52:03,981 [ALERT]     ℹ️  FRVP Info: POC=2007.00, VAL=2004.30
