2026-01-28 10:45:09,061 [ALERT]     ℹ️  FRVP Info: POC=348.45, VAL=348.45
2026-01-28 10:51:15,951 [ALERT] 🚀 [BUY ALERT] NSE:HINDALCO-EQ (5min) triggered at 10:50!
2026-01-28 10:51:15,953 [ALERT]     ✅ Price: 993.70 > FRVP VAH: 980.40
2026-01-28 10:51:15,954 [ALERT]     ✅ CVD:   1094399 > CVD Ref:  836264
2026-01-28 10:51:15,955 [ALERT]     ℹ️  FRVP Info: POC=971.80, VAH=980.40
2026-01-28 10:51:16,198 [ALERT] 🚀 [BUY ALERT] NSE:HDFCBANK-EQ (5min) triggered at 10:50!
2026-01-28 10:51:16,199 [ALERT]     ✅ Price: 939.95 > FRVP VAH: 935.90
2026-01-28 10:51:16,200 [ALERT]     ✅ CVD:   7904563 > CVD Ref:  6424492
2026-01-28 10:51:16,201 [ALERT]     ℹ️  FRVP Info: POC=935.90, VAH=935.90
2026-01-28 10:51:16,950 [ALERT] 🚀 [BUY ALERT] NSE:VEDL-EQ (5min) triggered at 10:50!
2026-01-28 10:51:16,951 [ALERT]     ✅ Price: 737.35 > FRVP VAH: 729.00
2026-01-28 10:51:16,951 [ALERT]     ✅ CVD:   3154539 > CVD Ref:  2883388
2026-01-28 10:51:16,952 [ALERT]     ℹ️  FRVP Info: POC=720.00, VAH=729.00
2026-01-28 10:51:17,945 [ALERT] 🚀 [BUY ALERT] NSE:BEL-EQ (5min) triggered at 10:50!
2026-01-28 10:51:17,946 [ALERT]     ✅ Price: 427.55 > FRVP VAH: 423.15
2026-01-28 10:51:17,947 [ALERT]     ✅ CVD:   2005631 > CVD Ref:  1339227
2026-01-28 10:51:17,948 [ALERT]     ℹ️  FRVP Info: POC=423.15, VAH=423.15
2026-01-28 10:51:18,588 [ALERT] 🚀 [BUY ALERT] NSE:NTPC-EQ (5min) triggered at 10:50!
2026-01-28 10:51:18,589 [ALERT]     ✅ Price: 352.00 > FRVP VAH: 349.60
2026-01-28 10:51:18,589 [ALERT]     ✅ CVD:   466187 > CVD Ref:  313626
2026-01-28 10:51:18,590 [ALERT]     ℹ️  FRVP Info: POC=348.45, VAH=349.60
2026-01-28 10:51:19,769 [ALERT] 🚀 [BUY ALERT] NSE:GAIL-EQ (5min) triggered at 10:50!
2026-01-28 10:51:19,770 [ALERT]     ✅ Price: 165.93 > FRVP VAH: 164.05
2026-01-28 10:51:19,770 [ALERT]     ✅ CVD:   1397842 > CVD Ref:  1350134
2026-01-28 10:51:19,771 [ALERT]     ℹ️  FRVP Info: POC=164.05, VAH=164.05
2026-01-28 10:51:19,981 [ALERT] 🚀 [BUY ALERT] NSE:IOC-EQ (5min) triggered at 10:50!
2026-01-28 10:51:19,982 [ALERT]     ✅ Price: 163.15 > FRVP VAH: 162.00
2026-01-28 10:51:19,982 [ALERT]     ✅ CVD:   2205854 > CVD Ref:  1369316
2026-01-28 10:51:19,983 [ALERT]     ℹ️  FRVP Info: POC=161.25, VAH=162.00
2026-01-28 10:51:20,410 [ALERT] 🚀 [BUY ALERT] NSE:NMDC-EQ (5min) triggered at 10:50!
2026-01-28 10:51:20,411 [ALERT]     ✅ Price: 80.47 > FRVP VAH: 79.25
2026-01-28 10:51:20,411 [ALERT]     ✅ CVD:   517801 > CVD Ref:  249854
2026-01-28 10:51:20,412 [ALERT]     ℹ️  FRVP Info: POC=79.25, VAH=79.25
2026-01-28 10:51:59,707 [ALERT] 🚀 [BUY ALERT] NSE:HINDALCO-EQ (5min) triggered at 10:50!
2026-01-28 10:51:59,708 [ALERT]     ✅ Price: 993.70 > FRVP VAH: 980.40
2026-01-28 10:51:59,709 [ALERT]     ✅ CVD:   1094399 > CVD Ref:  836264
2026-01-28 10:51:59,709 [ALERT]     ℹ️  FRVP Info: POC=971.80, VAH=980.40
2026-01-28 10:51:59,904 [ALERT] 🚀 [BUY ALERT] NSE:HDFCBANK-EQ (5min) triggered at 10:50!
2026-01-28 10:51:59,905 [ALERT]     ✅ Price: 939.95 > FRVP VAH: 935.90
2026-01-28 10:51:59,906 [ALERT]     ✅ CVD:   7904563 > CVD Ref:  6424492
2026-01-28 10:51:59,907 [ALERT]     ℹ️  FRVP Info: POC=935.90, VAH=935.90
2026-01-28 10:52:00,485 [ALERT] 🚀 [BUY ALERT] NSE:VEDL-EQ (5min) triggered at 10:50!
2026-01-28 10:52:00,485 [ALERT]     ✅ Price: 737.35 > FRVP VAH: 729.00
2026-01-28 10:52:00,486 [ALERT]     ✅ CVD:   3154539 > CVD Ref:  2883388
2026-01-28 10:52:00,487 [ALERT]     ℹ️  FRVP Info: POC=720.00, VAH=729.00
2026-01-28 10:52:01,609 [ALERT] 🚀 [BUY ALERT] NSE:BEL-EQ (5min) triggered at 10:50!
2026-01-28 10:52:01,609 [ALERT]     ✅ Price: 427.75 > FRVP VAH: 423.15
2026-01-28 10:52:01,610 [ALERT]     ✅ CVD:   2106733 > CVD Ref:  1339227
2026-01-28 10:52:01,610 [ALERT]     ℹ️  FRVP Info: POC=423.15, VAH=423.15
2026-01-28 10:52:02,339 [ALERT] 🚀 [BUY ALERT] NSE:NTPC-EQ (5min) triggered at 10:50!
2026-01-28 10:52:02,340 [ALERT]     ✅ Price: 352.30 > FRVP VAH: 349.60
2026-01-28 10:52:02,342 [ALERT]     ✅ CVD:   516481 > CVD Ref:  313626
2026-01-28 10:52:02,343 [ALERT]     ℹ️  FRVP Info: POC=348.45, VAH=349.60
2026-01-28 10:52:04,343 [ALERT] 🚀 [BUY ALERT] NSE:IOC-EQ (5min) triggered at 10:50!
2026-01-28 10:52:04,344 [ALERT]     ✅ Price: 163.24 > FRVP VAH: 162.00
2026-01-28 10:52:04,345 [ALERT]     ✅ CVD:   2238727 > CVD Ref:  1369316
2026-01-28 10:52:04,345 [ALERT]     ℹ️  FRVP Info: POC=161.25, VAH=162.00
2026-01-28 10:52:04,773 [ALERT] 🚀 [BUY ALERT] NSE:NMDC-EQ (5min) triggered at 10:50!
2026-01-28 10:52:04,774 [ALERT]     ✅ Price: 80.36 > FRVP VAH: 79.25
2026-01-28 10:52:04,774 [ALERT]     ✅ CVD:   351164 > CVD Ref:  249854
2026-01-28 10:52:04,776 [ALERT]     ℹ️  FRVP Info: POC=79.25, VAH=79.25
2026-01-28 10:55:16,483 [ALERT] 🚀 [BUY ALERT] NSE:INOXWIND-EQ (5min) triggered at 10:50!
2026-01-28 10:55:16,484 [ALERT]     ✅ Price: 107.69 > FRVP VAH: 107.10
2026-01-28 10:55:16,484 [ALERT]     ✅ CVD:   576893 > CVD Ref:  565416
2026-01-28 10:55:16,485 [ALERT]     ℹ️  FRVP Info: POC=107.10, VAH=107.10
2026-01-28 10:59:30,371 [ALERT] 🚀 [BUY ALERT] NSE:GAIL-EQ (5min) triggered at 10:55!
2026-01-28 10:59:30,372 [ALERT]     ✅ Price: 166.00 > FRVP VAH: 164.05
2026-01-28 10:59:30,372 [ALERT]     ✅ CVD:   1393698 > CVD Ref:  1350134
2026-01-28 10:59:30,373 [ALERT]     ℹ️  FRVP Info: POC=164.05, VAH=164.05
2026-01-28 11:14:53,460 [ALERT] 🚀 [BUY ALERT] NSE:HINDPETRO-EQ (5min) triggered at 11:10!
2026-01-28 11:14:53,460 [ALERT]     ✅ Price: 436.10 > FRVP VAH: 427.85
2026-01-28 11:14:53,461 [ALERT]     ✅ CVD:   347328 > CVD Ref:  322187
2026-01-28 11:14:53,461 [ALERT]     ℹ️  FRVP Info: POC=427.85, VAH=427.85
2026-01-28 11:52:22,170 [ALERT] 🚀 [BUY ALERT] NSE:ADANIPORTS-EQ (5min) triggered at 11:50!
2026-01-28 11:52:22,170 [ALERT]     ✅ Price: 1380.80 > FRVP VAH: 1376.05
2026-01-28 11:52:22,171 [ALERT]     ✅ CVD:   247911 > CVD Ref:  233965
2026-01-28 11:52:22,171 [ALERT]     ℹ️  FRVP Info: POC=1372.40, VAH=1376.05
2026-01-28 12:00:47,880 [ALERT] 🚀 [BUY ALERT] NSE:SUZLON-EQ (5min) triggered at 11:55!
2026-01-28 12:00:47,881 [ALERT]     ✅ Price: 47.28 > FRVP VAH: 47.25
2026-01-28 12:00:47,881 [ALERT]     ✅ CVD:   4514171 > CVD Ref:  4397034
2026-01-28 12:00:47,882 [ALERT]     ℹ️  FRVP Info: POC=47.00, VAH=47.25
2026-01-28 12:03:59,346 [ALERT] 🚀 [BUY ALERT] NSE:ONGC-EQ (5min) triggered at 12:00!
2026-01-28 12:03:59,347 [ALERT]     ✅ Price: 265.00 > FRVP VAH: 264.00
2026-01-28 12:03:59,347 [ALERT]     ✅ CVD:   11615500 > CVD Ref:  11237625
2026-01-28 12:03:59,348 [ALERT]     ℹ️  FRVP Info: POC=260.70, VAH=264.00
2026-01-28 12:11:31,769 [ALERT] 🚀 [BUY ALERT] NSE:CAMS-EQ (5min) triggered at 12:10!
2026-01-28 12:11:31,770 [ALERT]     ✅ Price: 707.10 > FRVP VAH: 705.60
2026-01-28 12:11:31,770 [ALERT]     ✅ CVD:   166827 > CVD Ref:  166334
2026-01-28 12:11:31,771 [ALERT]     ℹ️  FRVP Info: POC=705.60, VAH=705.60
