2026-01-27 12:01:36,466 [ALERT] 🚀 [STRATEGY ALERT] NSE:PAGEIND-EQ (5min) triggered at 12:00!
2026-01-27 12:01:36,467 [ALERT]     ✅ Price: 32320.00 < FRVP VAL: 32480.00
2026-01-27 12:01:36,468 [ALERT]     ✅ CVD:   -7791 < CVD Ref:  175
2026-01-27 12:01:36,469 [ALERT]     ℹ️  FRVP Info: POC=32520.00, VAL=32480.00
2026-01-27 12:01:36,632 [ALERT] 🚀 [STRATEGY ALERT] NSE:DMART-EQ (5min) triggered at 12:00!
2026-01-27 12:01:36,633 [ALERT]     ✅ Price: 3648.80 < FRVP VAL: 3665.25
2026-01-27 12:01:36,634 [ALERT]     ✅ CVD:   -13931 < CVD Ref:  1814
2026-01-27 12:01:36,634 [ALERT]     ℹ️  FRVP Info: POC=3672.00, VAL=3665.25
2026-01-27 12:01:36,858 [ALERT] 🚀 [STRATEGY ALERT] NSE:TIINDIA-EQ (5min) triggered at 12:00!
2026-01-27 12:01:36,861 [ALERT]     ✅ Price: 2182.90 < FRVP VAL: 2190.30
2026-01-27 12:01:36,862 [ALERT]     ✅ CVD:   -14708 < CVD Ref:  3123
2026-01-27 12:01:36,862 [ALERT]     ℹ️  FRVP Info: POC=2200.10, VAL=2190.30
2026-01-27 12:01:37,037 [ALERT] 🚀 [STRATEGY ALERT] NSE:PHOENIXLTD-EQ (5min) triggered at 12:00!
2026-01-27 12:01:37,038 [ALERT]     ✅ Price: 1703.80 < FRVP VAL: 1716.00
2026-01-27 12:01:37,039 [ALERT]     ✅ CVD:   -36790 < CVD Ref:  15962
2026-01-27 12:01:37,040 [ALERT]     ℹ️  FRVP Info: POC=1716.00, VAL=1716.00
2026-01-27 12:01:37,291 [ALERT] 🚀 [STRATEGY ALERT] NSE:GODREJPROP-EQ (5min) triggered at 12:00!
2026-01-27 12:01:37,292 [ALERT]     ✅ Price: 1495.90 < FRVP VAL: 1505.25
2026-01-27 12:01:37,293 [ALERT]     ✅ CVD:   -84116 < CVD Ref:  0
2026-01-27 12:01:37,293 [ALERT]     ℹ️  FRVP Info: POC=1509.30, VAL=1505.25
2026-01-27 12:01:37,483 [ALERT] 🚀 [STRATEGY ALERT] NSE:CDSL-EQ (5min) triggered at 12:00!
2026-01-27 12:01:37,484 [ALERT]     ✅ Price: 1326.50 < FRVP VAL: 1328.10
2026-01-27 12:01:37,484 [ALERT]     ✅ CVD:   -116814 < CVD Ref:  5912
2026-01-27 12:01:37,485 [ALERT]     ℹ️  FRVP Info: POC=1335.70, VAL=1328.10
2026-01-27 12:01:37,759 [ALERT] 🚀 [STRATEGY ALERT] NSE:PAYTM-EQ (5min) triggered at 12:00!
2026-01-27 12:01:37,760 [ALERT]     ✅ Price: 1134.10 < FRVP VAL: 1145.20
2026-01-27 12:01:37,761 [ALERT]     ✅ CVD:   -233630 < CVD Ref:  135561
2026-01-27 12:01:37,761 [ALERT]     ℹ️  FRVP Info: POC=1150.80, VAL=1145.20
2026-01-27 12:01:38,170 [ALERT] 🚀 [STRATEGY ALERT] NSE:TATATECH-EQ (5min) triggered at 12:00!
2026-01-27 12:01:38,170 [ALERT]     ✅ Price: 649.90 < FRVP VAL: 652.95
2026-01-27 12:01:38,171 [ALERT]     ✅ CVD:   -109347 < CVD Ref:  9276
2026-01-27 12:01:38,171 [ALERT]     ℹ️  FRVP Info: POC=654.75, VAL=652.95
2026-01-27 12:01:38,576 [ALERT] 🚀 [STRATEGY ALERT] NSE:IRCTC-EQ (5min) triggered at 12:00!
2026-01-27 12:01:38,577 [ALERT]     ✅ Price: 607.00 < FRVP VAL: 612.15
2026-01-27 12:01:38,578 [ALERT]     ✅ CVD:   -110889 < CVD Ref:  7628
2026-01-27 12:01:38,578 [ALERT]     ℹ️  FRVP Info: POC=614.35, VAL=612.15
2026-01-27 12:01:39,099 [ALERT] 🚀 [STRATEGY ALERT] NSE:EXIDEIND-EQ (5min) triggered at 12:00!
2026-01-27 12:01:39,100 [ALERT]     ✅ Price: 323.30 < FRVP VAL: 324.30
2026-01-27 12:01:39,100 [ALERT]     ✅ CVD:   -73224 < CVD Ref:  0
2026-01-27 12:01:39,101 [ALERT]     ℹ️  FRVP Info: POC=324.60, VAL=324.30
2026-01-27 12:01:39,255 [ALERT] 🚀 [STRATEGY ALERT] NSE:LTF-EQ (5min) triggered at 12:00!
2026-01-27 12:01:39,256 [ALERT]     ✅ Price: 284.45 < FRVP VAL: 284.70
2026-01-27 12:01:39,257 [ALERT]     ✅ CVD:   -124525 < CVD Ref:  2752
2026-01-27 12:01:39,258 [ALERT]     ℹ️  FRVP Info: POC=287.30, VAL=284.70
2026-01-27 12:01:39,825 [ALERT] 🚀 [STRATEGY ALERT] NSE:ASHOKLEY-EQ (5min) triggered at 12:00!
2026-01-27 12:01:39,826 [ALERT]     ✅ Price: 189.83 < FRVP VAL: 190.80
2026-01-27 12:01:39,827 [ALERT]     ✅ CVD:   -431749 < CVD Ref:  312825
2026-01-27 12:01:39,827 [ALERT]     ℹ️  FRVP Info: POC=191.25, VAL=190.80
2026-01-27 12:07:53,601 [ALERT] 🚀 [STRATEGY ALERT] NSE:GAIL-EQ (5min) triggered at 12:05!
2026-01-27 12:07:53,602 [ALERT]     ✅ Price: 159.42 < FRVP VAL: 159.50
2026-01-27 12:07:53,603 [ALERT]     ✅ CVD:   -6098969 < CVD Ref:  152319
2026-01-27 12:07:53,603 [ALERT]     ℹ️  FRVP Info: POC=159.60, VAL=159.50
2026-01-27 12:14:10,625 [ALERT] 🚀 [STRATEGY ALERT] NSE:IEX-EQ (5min) triggered at 12:10!
2026-01-27 12:14:10,626 [ALERT]     ✅ Price: 125.93 < FRVP VAL: 126.00
2026-01-27 12:14:10,627 [ALERT]     ✅ CVD:   -395188 < CVD Ref:  0
2026-01-27 12:14:10,627 [ALERT]     ℹ️  FRVP Info: POC=126.30, VAL=126.00
2026-01-27 12:15:12,425 [ALERT] 🚀 [STRATEGY ALERT] NSE:HUDCO-EQ (5min) triggered at 12:10!
2026-01-27 12:15:12,425 [ALERT]     ✅ Price: 196.11 < FRVP VAL: 196.40
2026-01-27 12:15:12,426 [ALERT]     ✅ CVD:   13701 < CVD Ref:  29578
2026-01-27 12:15:12,426 [ALERT]     ℹ️  FRVP Info: POC=197.00, VAL=196.40
2026-01-27 12:19:17,804 [ALERT] 🚀 [STRATEGY ALERT] NSE:KAYNES-EQ (5min) triggered at 12:15!
2026-01-27 12:19:17,804 [ALERT]     ✅ Price: 3335.10 < FRVP VAL: 3335.40
2026-01-27 12:19:17,805 [ALERT]     ✅ CVD:   -60016 < CVD Ref:  7461
2026-01-27 12:19:17,805 [ALERT]     ℹ️  FRVP Info: POC=3340.85, VAL=3335.40
2026-01-27 12:27:32,999 [ALERT] 🚀 [STRATEGY ALERT] NSE:WIPRO-EQ (5min) triggered at 12:25!
2026-01-27 12:27:33,000 [ALERT]     ✅ Price: 233.25 < FRVP VAL: 233.25
2026-01-27 12:27:33,001 [ALERT]     ✅ CVD:   -296805 < CVD Ref:  6314
2026-01-27 12:27:33,001 [ALERT]     ℹ️  FRVP Info: POC=233.55, VAL=233.25
2026-01-27 12:29:35,359 [ALERT] 🚀 [STRATEGY ALERT] NSE:NAUKRI-EQ (5min) triggered at 12:25!
2026-01-27 12:29:35,360 [ALERT]     ✅ Price: 1277.00 < FRVP VAL: 1288.00
2026-01-27 12:29:35,360 [ALERT]     ✅ CVD:   50913 < CVD Ref:  51866
2026-01-27 12:29:35,361 [ALERT]     ℹ️  FRVP Info: POC=1289.60, VAL=1288.00
2026-01-27 12:44:06,632 [ALERT] 🚀 [STRATEGY ALERT] NSE:NUVAMA-EQ (5min) triggered at 12:40!
2026-01-27 12:44:06,633 [ALERT]     ✅ Price: 1261.30 < FRVP VAL: 1262.25
2026-01-27 12:44:06,634 [ALERT]     ✅ CVD:   -96672 < CVD Ref:  62008
2026-01-27 12:44:06,634 [ALERT]     ℹ️  FRVP Info: POC=1279.25, VAL=1262.25
2026-01-27 12:49:13,960 [ALERT] 🚀 [STRATEGY ALERT] NSE:BLUESTARCO-EQ (5min) triggered at 12:45!
2026-01-27 12:49:13,961 [ALERT]     ✅ Price: 1684.60 < FRVP VAL: 1684.95
2026-01-27 12:49:13,961 [ALERT]     ✅ CVD:   12991 < CVD Ref:  27628
2026-01-27 12:49:13,961 [ALERT]     ℹ️  FRVP Info: POC=1694.35, VAL=1684.95
2026-01-27 13:02:03,581 [ALERT] 🚀 [STRATEGY ALERT] NSE:PAYTM-EQ (5min) triggered at 13:00!
2026-01-27 13:02:03,582 [ALERT]     ✅ Price: 1126.80 < FRVP VAL: 1127.00
2026-01-27 13:02:03,582 [ALERT]     ✅ CVD:   -358257 < CVD Ref:  135561
2026-01-27 13:02:03,583 [ALERT]     ℹ️  FRVP Info: POC=1127.00, VAL=1127.00
2026-01-27 13:02:34,275 [ALERT] 🚀 [STRATEGY ALERT] NSE:LICHSGFIN-EQ (5min) triggered at 13:00!
2026-01-27 13:02:34,276 [ALERT]     ✅ Price: 504.95 < FRVP VAL: 505.05
2026-01-27 13:02:34,276 [ALERT]     ✅ CVD:   37121 < CVD Ref:  41287
2026-01-27 13:02:34,277 [ALERT]     ℹ️  FRVP Info: POC=505.75, VAL=505.05
2026-01-27 13:03:05,668 [ALERT] 🚀 [STRATEGY ALERT] NSE:PAGEIND-EQ (5min) triggered at 13:00!
2026-01-27 13:03:05,668 [ALERT]     ✅ Price: 32405.00 < FRVP VAL: 32407.50
2026-01-27 13:03:05,669 [ALERT]     ✅ CVD:   -7711 < CVD Ref:  175
2026-01-27 13:03:05,670 [ALERT]     ℹ️  FRVP Info: POC=32415.00, VAL=32407.50
2026-01-27 13:03:06,094 [ALERT] 🚀 [STRATEGY ALERT] NSE:TIINDIA-EQ (5min) triggered at 13:00!
2026-01-27 13:03:06,095 [ALERT]     ✅ Price: 2176.00 < FRVP VAL: 2178.40
2026-01-27 13:03:06,095 [ALERT]     ✅ CVD:   203 < CVD Ref:  3123
2026-01-27 13:03:06,096 [ALERT]     ℹ️  FRVP Info: POC=2181.60, VAL=2178.40
2026-01-27 13:03:06,350 [ALERT] 🚀 [STRATEGY ALERT] NSE:PHOENIXLTD-EQ (5min) triggered at 13:00!
2026-01-27 13:03:06,351 [ALERT]     ✅ Price: 1705.50 < FRVP VAL: 1706.00
2026-01-27 13:03:06,351 [ALERT]     ✅ CVD:   -31942 < CVD Ref:  15962
2026-01-27 13:03:06,351 [ALERT]     ℹ️  FRVP Info: POC=1708.00, VAL=1706.00
2026-01-27 13:03:06,638 [ALERT] 🚀 [STRATEGY ALERT] NSE:GODREJPROP-EQ (5min) triggered at 13:00!
2026-01-27 13:03:06,639 [ALERT]     ✅ Price: 1477.70 < FRVP VAL: 1478.05
2026-01-27 13:03:06,639 [ALERT]     ✅ CVD:   -224548 < CVD Ref:  0
2026-01-27 13:03:06,639 [ALERT]     ℹ️  FRVP Info: POC=1478.05, VAL=1478.05
2026-01-27 13:04:09,713 [ALERT] 🚀 [STRATEGY ALERT] NSE:NAUKRI-EQ (5min) triggered at 13:00!
2026-01-27 13:04:09,714 [ALERT]     ✅ Price: 1274.60 < FRVP VAL: 1274.60
2026-01-27 13:04:09,714 [ALERT]     ✅ CVD:   40022 < CVD Ref:  51866
2026-01-27 13:04:09,715 [ALERT]     ℹ️  FRVP Info: POC=1275.00, VAL=1274.60
2026-01-27 13:04:10,816 [ALERT] 🚀 [STRATEGY ALERT] NSE:EXIDEIND-EQ (5min) triggered at 13:00!
2026-01-27 13:04:10,817 [ALERT]     ✅ Price: 322.20 < FRVP VAL: 322.20
2026-01-27 13:04:10,818 [ALERT]     ✅ CVD:   -85843 < CVD Ref:  0
2026-01-27 13:04:10,818 [ALERT]     ℹ️  FRVP Info: POC=322.20, VAL=322.20
2026-01-27 13:04:11,185 [ALERT] 🚀 [STRATEGY ALERT] NSE:HUDCO-EQ (5min) triggered at 13:00!
2026-01-27 13:04:11,186 [ALERT]     ✅ Price: 195.16 < FRVP VAL: 195.20
2026-01-27 13:04:11,186 [ALERT]     ✅ CVD:   -66306 < CVD Ref:  29578
2026-01-27 13:04:11,186 [ALERT]     ℹ️  FRVP Info: POC=195.30, VAL=195.20
2026-01-27 13:05:13,066 [ALERT] 🚀 [STRATEGY ALERT] NSE:TATATECH-EQ (5min) triggered at 13:00!
2026-01-27 13:05:13,067 [ALERT]     ✅ Price: 646.55 < FRVP VAL: 646.80
2026-01-27 13:05:13,067 [ALERT]     ✅ CVD:   -116054 < CVD Ref:  9276
2026-01-27 13:05:13,067 [ALERT]     ℹ️  FRVP Info: POC=646.80, VAL=646.80
2026-01-27 13:05:13,984 [ALERT] 🚀 [STRATEGY ALERT] NSE:WIPRO-EQ (5min) triggered at 13:00!
2026-01-27 13:05:13,985 [ALERT]     ✅ Price: 232.75 < FRVP VAL: 232.75
2026-01-27 13:05:13,986 [ALERT]     ✅ CVD:   -422341 < CVD Ref:  6314
2026-01-27 13:05:13,986 [ALERT]     ℹ️  FRVP Info: POC=232.90, VAL=232.75
2026-01-27 13:06:14,955 [ALERT] 🚀 [STRATEGY ALERT] NSE:BLUESTARCO-EQ (5min) triggered at 13:05!
2026-01-27 13:06:14,955 [ALERT]     ✅ Price: 1682.50 < FRVP VAL: 1683.00
2026-01-27 13:06:14,956 [ALERT]     ✅ CVD:   9428 < CVD Ref:  27628
2026-01-27 13:06:14,957 [ALERT]     ℹ️  FRVP Info: POC=1683.90, VAL=1683.00
2026-01-27 13:10:24,486 [ALERT] 🚀 [STRATEGY ALERT] NSE:MANKIND-EQ (5min) triggered at 13:05!
2026-01-27 13:10:24,487 [ALERT]     ✅ Price: 2084.10 < FRVP VAL: 2084.80
2026-01-27 13:10:24,487 [ALERT]     ✅ CVD:   -40191 < CVD Ref:  5023
2026-01-27 13:10:24,488 [ALERT]     ℹ️  FRVP Info: POC=2084.80, VAL=2084.80
2026-01-27 13:11:26,982 [ALERT] 🚀 [STRATEGY ALERT] NSE:CDSL-EQ (5min) triggered at 13:10!
2026-01-27 13:11:26,982 [ALERT]     ✅ Price: 1313.00 < FRVP VAL: 1313.40
2026-01-27 13:11:26,984 [ALERT]     ✅ CVD:   -169272 < CVD Ref:  5912
2026-01-27 13:11:26,985 [ALERT]     ℹ️  FRVP Info: POC=1314.00, VAL=1313.40
2026-01-27 13:12:30,281 [ALERT] 🚀 [STRATEGY ALERT] NSE:GAIL-EQ (5min) triggered at 13:10!
2026-01-27 13:12:30,282 [ALERT]     ✅ Price: 158.64 < FRVP VAL: 158.65
2026-01-27 13:12:30,282 [ALERT]     ✅ CVD:   -6130365 < CVD Ref:  152319
2026-01-27 13:12:30,283 [ALERT]     ℹ️  FRVP Info: POC=158.75, VAL=158.65
2026-01-27 13:18:46,820 [ALERT] 🚀 [STRATEGY ALERT] NSE:LTF-EQ (5min) triggered at 13:15!
2026-01-27 13:18:46,820 [ALERT]     ✅ Price: 282.95 < FRVP VAL: 283.05
2026-01-27 13:18:46,821 [ALERT]     ✅ CVD:   -93966 < CVD Ref:  2752
2026-01-27 13:18:46,821 [ALERT]     ℹ️  FRVP Info: POC=283.50, VAL=283.05
2026-01-27 13:20:53,246 [ALERT] 🚀 [STRATEGY ALERT] NSE:LICHSGFIN-EQ (5min) triggered at 13:15!
2026-01-27 13:20:53,247 [ALERT]     ✅ Price: 505.20 < FRVP VAL: 505.20
2026-01-27 13:20:53,247 [ALERT]     ✅ CVD:   33105 < CVD Ref:  41287
2026-01-27 13:20:53,248 [ALERT]     ℹ️  FRVP Info: POC=505.40, VAL=505.20
2026-01-27 13:21:56,351 [ALERT] 🚀 [STRATEGY ALERT] NSE:NUVAMA-EQ (5min) triggered at 13:20!
2026-01-27 13:21:56,352 [ALERT]     ✅ Price: 1258.60 < FRVP VAL: 1259.70
2026-01-27 13:21:56,353 [ALERT]     ✅ CVD:   -99610 < CVD Ref:  62008
2026-01-27 13:21:56,353 [ALERT]     ℹ️  FRVP Info: POC=1261.40, VAL=1259.70
2026-01-27 13:25:04,650 [ALERT] 🚀 [STRATEGY ALERT] NSE:KAYNES-EQ (5min) triggered at 13:20!
2026-01-27 13:25:04,651 [ALERT]     ✅ Price: 3328.10 < FRVP VAL: 3330.40
2026-01-27 13:25:04,651 [ALERT]     ✅ CVD:   -73866 < CVD Ref:  7461
2026-01-27 13:25:04,652 [ALERT]     ℹ️  FRVP Info: POC=3335.00, VAL=3330.40
2026-01-27 13:37:26,753 [ALERT] 🚀 [STRATEGY ALERT] NSE:RELIANCE-EQ (5min) triggered at 13:35!
2026-01-27 13:37:26,754 [ALERT]     ✅ Price: 1384.30 < FRVP VAL: 1384.35
2026-01-27 13:37:26,754 [ALERT]     ✅ CVD:   -614732 < CVD Ref:  55368
2026-01-27 13:37:26,755 [ALERT]     ℹ️  FRVP Info: POC=1385.45, VAL=1384.35
2026-01-27 13:39:30,974 [ALERT] 🚀 [STRATEGY ALERT] NSE:IRCTC-EQ (5min) triggered at 13:35!
2026-01-27 13:39:30,974 [ALERT]     ✅ Price: 603.40 < FRVP VAL: 603.90
2026-01-27 13:39:30,975 [ALERT]     ✅ CVD:   -222081 < CVD Ref:  7628
2026-01-27 13:39:30,975 [ALERT]     ℹ️  FRVP Info: POC=604.20, VAL=603.90
2026-01-27 13:40:29,486 [ALERT] 🚀 [STRATEGY ALERT] NSE:RELIANCE-EQ (5min) triggered at 13:35!
2026-01-27 13:40:29,486 [ALERT]     ✅ Price: 1381.20 < FRVP VAL: 1381.80
2026-01-27 13:40:29,487 [ALERT]     ✅ CVD:   -863601 < CVD Ref:  55368
2026-01-27 13:40:29,487 [ALERT]     ℹ️  FRVP Info: POC=1382.85, VAL=1381.80
2026-01-27 13:40:32,433 [ALERT] 🚀 [STRATEGY ALERT] NSE:HDFCLIFE-EQ (5min) triggered at 13:35!
2026-01-27 13:40:32,434 [ALERT]     ✅ Price: 715.10 < FRVP VAL: 715.60
2026-01-27 13:40:32,434 [ALERT]     ✅ CVD:   -93746 < CVD Ref:  17111
2026-01-27 13:40:32,435 [ALERT]     ℹ️  FRVP Info: POC=716.40, VAL=715.60
2026-01-27 13:44:38,383 [ALERT] 🚀 [STRATEGY ALERT] NSE:AMBER-EQ (5min) triggered at 13:40!
2026-01-27 13:44:38,385 [ALERT]     ✅ Price: 5417.50 < FRVP VAL: 5424.25
2026-01-27 13:44:38,385 [ALERT]     ✅ CVD:   -32073 < CVD Ref:  0
2026-01-27 13:44:38,386 [ALERT]     ℹ️  FRVP Info: POC=5424.25, VAL=5424.25
2026-01-27 13:44:38,517 [ALERT] 🚀 [STRATEGY ALERT] NSE:DMART-EQ (5min) triggered at 13:40!
2026-01-27 13:44:38,518 [ALERT]     ✅ Price: 3653.80 < FRVP VAL: 3657.00
2026-01-27 13:44:38,518 [ALERT]     ✅ CVD:   -34224 < CVD Ref:  1814
2026-01-27 13:44:38,519 [ALERT]     ℹ️  FRVP Info: POC=3657.00, VAL=3657.00
2026-01-27 13:46:37,769 [ALERT] 🚀 [STRATEGY ALERT] NSE:MANKIND-EQ (5min) triggered at 13:45!
2026-01-27 13:46:37,769 [ALERT]     ✅ Price: 2077.80 < FRVP VAL: 2078.00
2026-01-27 13:46:37,769 [ALERT]     ✅ CVD:   -35606 < CVD Ref:  5023
2026-01-27 13:46:37,770 [ALERT]     ℹ️  FRVP Info: POC=2084.00, VAL=2078.00
2026-01-27 13:47:39,595 [ALERT] 🚀 [STRATEGY ALERT] NSE:CGPOWER-EQ (5min) triggered at 13:45!
2026-01-27 13:47:39,596 [ALERT]     ✅ Price: 538.20 < FRVP VAL: 544.50
2026-01-27 13:47:39,596 [ALERT]     ✅ CVD:   288819 < CVD Ref:  295533
2026-01-27 13:47:39,596 [ALERT]     ℹ️  FRVP Info: POC=546.70, VAL=544.50
2026-01-27 13:47:43,153 [ALERT] 🚀 [STRATEGY ALERT] NSE:CGPOWER-EQ (5min) triggered at 13:45!
2026-01-27 13:47:43,154 [ALERT]     ✅ Price: 538.20 < FRVP VAL: 538.20
2026-01-27 13:47:43,154 [ALERT]     ✅ CVD:   288819 < CVD Ref:  295533
2026-01-27 13:47:43,155 [ALERT]     ℹ️  FRVP Info: POC=539.10, VAL=538.20
2026-01-27 13:55:57,404 [ALERT] 🚀 [STRATEGY ALERT] NSE:INOXWIND-EQ (5min) triggered at 13:50!
2026-01-27 13:55:57,404 [ALERT]     ✅ Price: 103.44 < FRVP VAL: 103.55
2026-01-27 13:55:57,405 [ALERT]     ✅ CVD:   -128202 < CVD Ref:  42362
2026-01-27 13:55:57,405 [ALERT]     ℹ️  FRVP Info: POC=103.60, VAL=103.55
2026-01-27 14:04:09,882 [ALERT] 🚀 [STRATEGY ALERT] NSE:AMBER-EQ (5min) triggered at 14:00!
2026-01-27 14:04:09,883 [ALERT]     ✅ Price: 5412.00 < FRVP VAL: 5412.60
2026-01-27 14:04:09,883 [ALERT]     ✅ CVD:   -30750 < CVD Ref:  0
2026-01-27 14:04:09,884 [ALERT]     ℹ️  FRVP Info: POC=5459.10, VAL=5412.60
2026-01-27 14:04:10,909 [ALERT] 🚀 [STRATEGY ALERT] NSE:ASHOKLEY-EQ (5min) triggered at 14:00!
2026-01-27 14:04:10,910 [ALERT]     ✅ Price: 189.70 < FRVP VAL: 189.75
2026-01-27 14:04:10,910 [ALERT]     ✅ CVD:   -195186 < CVD Ref:  312825
2026-01-27 14:04:10,910 [ALERT]     ℹ️  FRVP Info: POC=189.90, VAL=189.75
2026-01-27 14:05:11,664 [ALERT] 🚀 [STRATEGY ALERT] NSE:INDHOTEL-EQ (5min) triggered at 14:00!
2026-01-27 14:05:11,665 [ALERT]     ✅ Price: 643.80 < FRVP VAL: 643.80
2026-01-27 14:05:11,665 [ALERT]     ✅ CVD:   -313999 < CVD Ref:  64541
2026-01-27 14:05:11,665 [ALERT]     ℹ️  FRVP Info: POC=644.00, VAL=643.80
2026-01-27 14:11:17,164 [ALERT] 🚀 [STRATEGY ALERT] NSE:MFSL-EQ (5min) triggered at 14:10!
2026-01-27 14:11:17,165 [ALERT]     ✅ Price: 1570.20 < FRVP VAL: 1579.45
2026-01-27 14:11:17,165 [ALERT]     ✅ CVD:   -40091 < CVD Ref:  2550
2026-01-27 14:11:17,166 [ALERT]     ℹ️  FRVP Info: POC=1581.00, VAL=1579.45
2026-01-27 14:11:18,094 [ALERT] 🚀 [STRATEGY ALERT] NSE:MFSL-EQ (5min) triggered at 14:10!
2026-01-27 14:11:18,096 [ALERT]     ✅ Price: 1570.20 < FRVP VAL: 1587.60
2026-01-27 14:11:18,096 [ALERT]     ✅ CVD:   -40091 < CVD Ref:  2550
2026-01-27 14:11:18,096 [ALERT]     ℹ️  FRVP Info: POC=1590.00, VAL=1587.60
2026-01-27 14:18:23,128 [ALERT] 🚀 [STRATEGY ALERT] NSE:ICICIPRULI-EQ (5min) triggered at 14:15!
2026-01-27 14:18:23,128 [ALERT]     ✅ Price: 637.90 < FRVP VAL: 638.10
2026-01-27 14:18:23,129 [ALERT]     ✅ CVD:   3095 < CVD Ref:  24713
2026-01-27 14:18:23,129 [ALERT]     ℹ️  FRVP Info: POC=638.10, VAL=638.10
2026-01-27 14:53:03,660 [ALERT] 🚀 [STRATEGY ALERT] NSE:NYKAA-EQ (5min) triggered at 14:50!
2026-01-27 14:53:03,661 [ALERT]     ✅ Price: 234.90 < FRVP VAL: 235.25
2026-01-27 14:53:03,662 [ALERT]     ✅ CVD:   -56695 < CVD Ref:  106592
2026-01-27 14:53:03,662 [ALERT]     ℹ️  FRVP Info: POC=235.25, VAL=235.25
2026-01-27 20:13:27,076 [ALERT] 🚀 [STRATEGY ALERT] NSE:MFSL-EQ (5min) triggered at 15:30!
2026-01-27 20:13:27,077 [ALERT]     ✅ Price: 1576.60 < FRVP VAL: 1586.50
2026-01-27 20:13:27,078 [ALERT]     ✅ CVD:   -304387 < CVD Ref (LOW):  -18961
2026-01-27 20:13:27,078 [ALERT]     ℹ️  FRVP Info: POC=1587.45, VAL=1586.50
2026-01-27 20:13:27,727 [ALERT] 🚀 [STRATEGY ALERT] NSE:NAUKRI-EQ (5min) triggered at 15:30!
2026-01-27 20:13:27,728 [ALERT]     ✅ Price: 1279.00 < FRVP VAL: 1288.80
2026-01-27 20:13:27,728 [ALERT]     ✅ CVD:   -25616 < CVD Ref (LOW):  -13722
2026-01-27 20:13:27,729 [ALERT]     ℹ️  FRVP Info: POC=1288.80, VAL=1288.80
