2026-02-02 11:43:28,214 [ALERT] 🚀 [SELL ALERT] NSE:LICHSGFIN-EQ (5min) triggered at 11:30!
2026-02-02 11:43:28,218 [ALERT]     ✅ Price: 496.00 < FRVP VAL: 499.25
2026-02-02 11:43:28,221 [ALERT]     ✅ CVD:   -137741 < CVD Ref:  -86113
2026-02-02 11:43:28,224 [ALERT]     ℹ️  FRVP Info: POC=502.75, VAL=499.25
2026-02-02 11:43:30,337 [ALERT] 🚀 [SELL ALERT] NSE:HUDCO-EQ (5min) triggered at 11:35!
2026-02-02 11:43:30,339 [ALERT]     ✅ Price: 181.53 < FRVP VAL: 184.80
2026-02-02 11:43:30,343 [ALERT]     ✅ CVD:   -1352725 < CVD Ref:  -1036236
2026-02-02 11:43:30,346 [ALERT]     ℹ️  FRVP Info: POC=186.00, VAL=184.80
2026-02-02 12:12:05,096 [ALERT] 🚀 [BUY ALERT] NSE:CANBK-EQ (5min) triggered at 12:05!
2026-02-02 12:12:05,098 [ALERT]     ✅ Price: 143.63 > FRVP VAH: 140.80
2026-02-02 12:12:05,100 [ALERT]     ✅ CVD:   2732672 > CVD Ref:  170019
2026-02-02 12:16:31,168 [ALERT] 🚀 [BUY ALERT] NSE:DLF-EQ (5min) triggered at 12:10!
2026-02-02 12:16:31,170 [ALERT]     ✅ Price: 619.70 > FRVP VAH: 619.60
2026-02-02 12:16:31,171 [ALERT]     ✅ CVD:   124312 > CVD Ref:  49671
2026-02-02 12:27:32,080 [ALERT] 🚀 [BUY ALERT] NSE:NTPC-EQ (5min) triggered at 12:20!
2026-02-02 12:27:32,081 [ALERT]     ✅ Price: 347.70 > FRVP VAH: 346.80
2026-02-02 12:27:32,082 [ALERT]     ✅ CVD:   810021 > CVD Ref:  510002
2026-02-02 12:36:31,590 [ALERT] 🚀 [SELL ALERT] NSE:TORNTPHARM-EQ (5min) triggered at 12:30!
2026-02-02 12:36:31,593 [ALERT]     ✅ Price: 3931.10 < FRVP VAL: 3939.75
2026-02-02 12:36:31,595 [ALERT]     ✅ CVD:   -12691 < CVD Ref:  -12212
2026-02-02 12:36:31,598 [ALERT]     ℹ️  FRVP Info: POC=3957.75, VAL=3939.75
2026-02-02 12:36:39,289 [ALERT] 🚀 [BUY ALERT] NSE:PETRONET-EQ (5min) triggered at 12:30!
2026-02-02 12:36:39,293 [ALERT]     ✅ Price: 285.15 > FRVP VAH: 285.10
2026-02-02 12:36:39,295 [ALERT]     ✅ CVD:   993705 > CVD Ref:  20161
2026-02-02 12:36:39,531 [ALERT] 🚀 [BUY ALERT] NSE:PETRONET-EQ (5min) triggered at 12:30!
2026-02-02 12:36:39,532 [ALERT]     ✅ Price: 285.15 > FRVP VAH: 285.10
2026-02-02 12:36:39,533 [ALERT]     ✅ CVD:   993705 > CVD Ref:  20161
2026-02-02 12:37:08,349 [ALERT] 🚀 [SELL ALERT] NSE:TORNTPHARM-EQ (5min) triggered at 12:30!
2026-02-02 12:37:08,350 [ALERT]     ✅ Price: 3931.10 < FRVP VAL: 3939.75
2026-02-02 12:37:08,351 [ALERT]     ✅ CVD:   -12691 < CVD Ref:  -12212
2026-02-02 12:37:08,353 [ALERT]     ℹ️  FRVP Info: POC=3957.75, VAL=3939.75
2026-02-02 13:42:29,461 [ALERT] 🚀 [BUY ALERT] NSE:MANAPPURAM-EQ (5min) triggered at 13:35!
2026-02-02 13:42:29,464 [ALERT]     ✅ Price: 269.65 > FRVP VAH: 269.55
2026-02-02 13:42:29,465 [ALERT]     ✅ CVD:   197118 > CVD Ref:  98130
2026-02-02 13:52:29,348 [ALERT] 🚀 [BUY ALERT] NSE:JINDALSTEL-EQ (5min) triggered at 13:45!
2026-02-02 13:52:29,349 [ALERT]     ✅ Price: 1108.70 > FRVP VAH: 1107.90
2026-02-02 13:52:29,350 [ALERT]     ✅ CVD:   361805 > CVD Ref:  4003
2026-02-02 13:56:57,143 [ALERT] 🚀 [BUY ALERT] NSE:COALINDIA-EQ (5min) triggered at 13:50!
2026-02-02 13:56:57,146 [ALERT]     ✅ Price: 417.80 > FRVP VAH: 417.80
2026-02-02 13:56:57,147 [ALERT]     ✅ CVD:   932354 > CVD Ref:  2495
2026-02-02 14:31:16,080 [ALERT] 🚀 [BUY ALERT] NSE:SAMMAANCAP-EQ (5min) triggered at 14:25!
2026-02-02 14:31:16,081 [ALERT]     ✅ Price: 145.07 > FRVP VAH: 144.90
2026-02-02 14:31:16,082 [ALERT]     ✅ CVD:   637035 > CVD Ref:  597206
2026-02-02 14:56:06,982 [ALERT] 🚀 [BUY ALERT] NSE:NATIONALUM-EQ (5min) triggered at 14:50!
2026-02-02 14:56:06,984 [ALERT]     ✅ Price: 367.80 > FRVP VAH: 367.15
2026-02-02 14:56:06,985 [ALERT]     ✅ CVD:   1419851 > CVD Ref:  1364212
2026-02-02 15:06:14,433 [ALERT] 🚀 [BUY ALERT] NSE:HINDZINC-EQ (5min) triggered at 15:00!
2026-02-02 15:06:14,436 [ALERT]     ✅ Price: 607.75 > FRVP VAH: 590.25
2026-02-02 15:06:14,438 [ALERT]     ✅ CVD:   1772590 > CVD Ref:  1657045
2026-02-02 15:07:10,562 [ALERT] 🚀 [BUY ALERT] NSE:LTF-EQ (5min) triggered at 15:00!
2026-02-02 15:07:10,563 [ALERT]     ✅ Price: 276.20 > FRVP VAH: 276.00
2026-02-02 15:07:10,565 [ALERT]     ✅ CVD:   560401 > CVD Ref:  98102
2026-02-02 15:11:14,736 [ALERT] 🚀 [BUY ALERT] NSE:HUDCO-EQ (5min) triggered at 15:05!
2026-02-02 15:11:14,738 [ALERT]     ✅ Price: 187.61 > FRVP VAH: 186.90
2026-02-02 15:11:14,739 [ALERT]     ✅ CVD:   298225 > CVD Ref:  1361
2026-02-02 15:22:07,194 [ALERT] 🚀 [BUY ALERT] NSE:MCX-EQ (5min) triggered at 15:15!
2026-02-02 15:22:07,196 [ALERT]     ✅ Price: 2329.70 > FRVP VAH: 2234.40
2026-02-02 15:22:07,198 [ALERT]     ✅ CVD:   73113 > CVD Ref:  58658
2026-02-02 15:26:19,178 [ALERT] 🚀 [BUY ALERT] NSE:INDIANB-EQ (5min) triggered at 15:20!
2026-02-02 15:26:19,180 [ALERT]     ✅ Price: 838.95 > FRVP VAH: 835.55
2026-02-02 15:26:19,182 [ALERT]     ✅ CVD:   972974 > CVD Ref:  95330
