2026-02-06 10:34:07,919 [ALERT] 🚀 [SELL ALERT] NSE:SOLARINDS-EQ (5min) triggered at 10:25!
2026-02-06 10:34:07,920 [ALERT]     ✨ LTP:   13005.00
2026-02-06 10:34:07,921 [ALERT]     ✅ Price: 13005.00 < FRVP VAL: 13053.00
2026-02-06 10:34:07,922 [ALERT]     ✅ CVD:   -16298 < CVD Ref:  -14280
2026-02-06 10:34:07,922 [ALERT]     ℹ️  FRVP Info: POC=13124.25, VAL=13053.00
2026-02-06 10:34:12,767 [ALERT] 🚀 [SELL ALERT] NSE:TATAELXSI-EQ (5min) triggered at 10:25!
2026-02-06 10:34:12,767 [ALERT]     ✨ LTP:   5230.00
2026-02-06 10:34:12,768 [ALERT]     ✅ Price: 5230.00 < FRVP VAL: 5237.70
2026-02-06 10:34:12,768 [ALERT]     ✅ CVD:   -39028 < CVD Ref:  -36986
2026-02-06 10:34:12,769 [ALERT]     ℹ️  FRVP Info: POC=5253.00, VAL=5237.70
2026-02-06 10:34:39,167 [ALERT] 🚀 [SELL ALERT] NSE:SOLARINDS-EQ (5min) triggered at 10:25!
2026-02-06 10:34:39,167 [ALERT]     ✨ LTP:   13005.00
2026-02-06 10:34:39,167 [ALERT]     ✅ Price: 13005.00 < FRVP VAL: 13053.00
2026-02-06 10:34:39,169 [ALERT]     ✅ CVD:   -16298 < CVD Ref:  -14280
2026-02-06 10:34:39,170 [ALERT]     ℹ️  FRVP Info: POC=13124.25, VAL=13053.00
2026-02-06 10:34:42,272 [ALERT] 🚀 [SELL ALERT] NSE:TATAELXSI-EQ (5min) triggered at 10:25!
2026-02-06 10:34:42,273 [ALERT]     ✨ LTP:   5230.00
2026-02-06 10:34:42,273 [ALERT]     ✅ Price: 5230.00 < FRVP VAL: 5237.70
2026-02-06 10:34:42,273 [ALERT]     ✅ CVD:   -39028 < CVD Ref:  -36986
2026-02-06 10:34:42,275 [ALERT]     ℹ️  FRVP Info: POC=5253.00, VAL=5237.70
2026-02-06 10:34:45,872 [ALERT] 🚀 [SELL ALERT] NSE:TATATECH-EQ (5min) triggered at 10:25!
2026-02-06 10:34:45,873 [ALERT]     ✨ LTP:   620.00
2026-02-06 10:34:45,873 [ALERT]     ✅ Price: 620.00 < FRVP VAL: 622.20
2026-02-06 10:34:45,873 [ALERT]     ✅ CVD:   -301415 < CVD Ref:  -264875
2026-02-06 10:34:45,874 [ALERT]     ℹ️  FRVP Info: POC=622.20, VAL=622.20
2026-02-06 10:36:58,426 [ALERT] 🚀 [SELL ALERT] NSE:DRREDDY-EQ (5min) triggered at 10:30!
2026-02-06 10:36:58,426 [ALERT]     ✨ LTP:   1227.00
2026-02-06 10:36:58,426 [ALERT]     ✅ Price: 1227.00 < FRVP VAL: 1227.40
2026-02-06 10:36:58,427 [ALERT]     ✅ CVD:   -60059 < CVD Ref:  -57212
2026-02-06 10:36:58,428 [ALERT]     ℹ️  FRVP Info: POC=1229.30, VAL=1227.40
2026-02-06 10:37:00,101 [ALERT] 🚀 [SELL ALERT] NSE:NATIONALUM-EQ (5min) triggered at 10:30!
2026-02-06 10:37:00,101 [ALERT]     ✨ LTP:   349.60
2026-02-06 10:37:00,102 [ALERT]     ✅ Price: 349.60 < FRVP VAL: 351.00
2026-02-06 10:37:00,102 [ALERT]     ✅ CVD:   -912428 < CVD Ref:  -822912
2026-02-06 10:37:00,103 [ALERT]     ℹ️  FRVP Info: POC=354.60, VAL=351.00
2026-02-06 10:37:00,630 [ALERT] 🚀 [SELL ALERT] NSE:BHEL-EQ (5min) triggered at 10:30!
2026-02-06 10:37:00,631 [ALERT]     ✨ LTP:   264.45
2026-02-06 10:37:00,631 [ALERT]     ✅ Price: 264.45 < FRVP VAL: 264.80
2026-02-06 10:37:00,632 [ALERT]     ✅ CVD:   -180679 < CVD Ref:  -174825
2026-02-06 10:37:00,633 [ALERT]     ℹ️  FRVP Info: POC=265.60, VAL=264.80
2026-02-06 10:37:01,011 [ALERT] 🚀 [SELL ALERT] NSE:HUDCO-EQ (5min) triggered at 10:30!
2026-02-06 10:37:01,012 [ALERT]     ✨ LTP:   187.80
2026-02-06 10:37:01,012 [ALERT]     ✅ Price: 187.80 < FRVP VAL: 189.00
2026-02-06 10:37:01,013 [ALERT]     ✅ CVD:   -715766 < CVD Ref:  -503347
2026-02-06 10:37:01,014 [ALERT]     ℹ️  FRVP Info: POC=189.45, VAL=189.00
2026-02-06 10:37:02,071 [ALERT] 🚀 [SELL ALERT] NSE:IEX-EQ (5min) triggered at 10:30!
2026-02-06 10:37:02,071 [ALERT]     ✨ LTP:   120.39
2026-02-06 10:37:02,072 [ALERT]     ✅ Price: 120.39 < FRVP VAL: 120.45
2026-02-06 10:37:02,072 [ALERT]     ✅ CVD:   -1330530 < CVD Ref:  -1244704
2026-02-06 10:37:02,073 [ALERT]     ℹ️  FRVP Info: POC=120.60, VAL=120.45
2026-02-06 10:37:04,464 [ALERT] 🚀 [SELL ALERT] NSE:IDEA-EQ (5min) triggered at 10:30!
2026-02-06 10:37:04,484 [ALERT]     ✨ LTP:   10.99
2026-02-06 10:37:04,485 [ALERT]     ✅ Price: 10.99 < FRVP VAL: 11.05
2026-02-06 10:37:04,490 [ALERT]     ✅ CVD:   -23765612 < CVD Ref:  -18590199
2026-02-06 10:37:04,495 [ALERT]     ℹ️  FRVP Info: POC=11.05, VAL=11.05
2026-02-06 10:41:25,110 [ALERT] 🚀 [SELL ALERT] NSE:IRFC-EQ (5min) triggered at 10:35!
2026-02-06 10:41:25,110 [ALERT]     ✨ LTP:   113.02
2026-02-06 10:41:25,110 [ALERT]     ✅ Price: 113.02 < FRVP VAL: 113.05
2026-02-06 10:41:25,111 [ALERT]     ✅ CVD:   -1649981 < CVD Ref:  -1465174
2026-02-06 10:41:25,112 [ALERT]     ℹ️  FRVP Info: POC=113.40, VAL=113.05
2026-02-06 10:46:58,786 [ALERT] 🚀 [SELL ALERT] NSE:MUTHOOTFIN-EQ (5min) triggered at 10:40!
2026-02-06 10:46:58,786 [ALERT]     ✨ LTP:   3485.00
2026-02-06 10:46:58,787 [ALERT]     ✅ Price: 3485.00 < FRVP VAL: 3488.40
2026-02-06 10:46:58,787 [ALERT]     ✅ CVD:   -48185 < CVD Ref:  -45990
2026-02-06 10:46:58,788 [ALERT]     ℹ️  FRVP Info: POC=3502.80, VAL=3488.40
2026-02-06 10:47:03,952 [ALERT] 🚀 [SELL ALERT] NSE:KPITTECH-EQ (5min) triggered at 10:40!
2026-02-06 10:47:03,953 [ALERT]     ✨ LTP:   947.40
2026-02-06 10:47:03,953 [ALERT]     ✅ Price: 947.40 < FRVP VAL: 948.20
2026-02-06 10:47:03,954 [ALERT]     ✅ CVD:   -70330 < CVD Ref:  -67902
2026-02-06 10:47:03,954 [ALERT]     ℹ️  FRVP Info: POC=949.85, VAL=948.20
2026-02-06 10:51:23,987 [ALERT] 🚀 [SELL ALERT] NSE:IREDA-EQ (5min) triggered at 10:45!
2026-02-06 10:51:23,987 [ALERT]     ✨ LTP:   126.06
2026-02-06 10:51:23,988 [ALERT]     ✅ Price: 126.06 < FRVP VAL: 126.45
2026-02-06 10:51:23,989 [ALERT]     ✅ CVD:   -1247213 < CVD Ref:  -1096992
2026-02-06 10:51:23,989 [ALERT]     ℹ️  FRVP Info: POC=127.35, VAL=126.45
2026-02-06 10:56:44,045 [ALERT] 🚀 [SELL ALERT] NSE:RVNL-EQ (5min) triggered at 10:50!
2026-02-06 10:56:44,046 [ALERT]     ✨ LTP:   310.95
2026-02-06 10:56:44,047 [ALERT]     ✅ Price: 310.95 < FRVP VAL: 311.60
2026-02-06 10:56:44,047 [ALERT]     ✅ CVD:   -529463 < CVD Ref:  -525205
2026-02-06 10:56:44,047 [ALERT]     ℹ️  FRVP Info: POC=312.60, VAL=311.60
2026-02-06 12:31:39,091 [ALERT] 🚀 [SELL ALERT] NSE:OFSS-EQ (5min) triggered at 12:25!
2026-02-06 12:31:39,092 [ALERT]     ✨ LTP:   7153.00
2026-02-06 12:31:39,092 [ALERT]     ✅ Price: 7153.00 < FRVP VAL: 7164.00
2026-02-06 12:31:39,092 [ALERT]     ✅ CVD:   -58068 < CVD Ref:  -41309
2026-02-06 12:31:39,093 [ALERT]     ℹ️  FRVP Info: POC=7203.80, VAL=7164.00
