2026-02-03 09:29:45,382 INFO [CANCEL SIGNAL] Cancelling order ID: NSE:SBIN-EQ-INTRADAY...
2026-02-03 09:29:46,284 INFO Response: {'code': -16, 'message': 'Could not authenticate the user', 's': 'error'}
2026-02-03 09:29:46,288 INFO [EXIT SIGNAL] Exiting LONG position for NSE:SBIN-EQ (Qty: 1)...
2026-02-03 09:29:47,209 INFO Response: {'code': -16, 'message': 'Could not authenticate the user', 's': 'error'}
2026-02-03 09:31:49,590 INFO [CANCEL SIGNAL] Cancelling order ID: NSE:SBIN-EQ-INTRADAY...
2026-02-03 09:31:50,591 INFO Response: {'code': -16, 'message': 'Could not authenticate the user', 's': 'error'}
2026-02-03 09:31:50,596 INFO [EXIT SIGNAL] Exiting LONG position for NSE:SBIN-EQ (Qty: 1)...
2026-02-03 09:31:52,075 INFO Response: {'code': -16, 'message': 'Could not authenticate the user', 's': 'error'}
2026-02-03 09:33:52,695 INFO [CANCEL SIGNAL] Cancelling order ID: NSE:SBIN-EQ-INTRADAY...
2026-02-03 09:33:55,082 INFO Response: {'code': -16, 'message': 'Could not authenticate the user', 's': 'error'}
2026-02-03 09:33:55,090 INFO [EXIT SIGNAL] Exiting LONG position for NSE:SBIN-EQ (Qty: 1)...
2026-02-03 09:33:56,771 INFO Response: {'code': -16, 'message': 'Could not authenticate the user', 's': 'error'}
2026-02-03 09:34:17,896 INFO [CANCEL SIGNAL] Cancelling order ID: NSE:SBIN-EQ-INTRADAY...
2026-02-03 09:34:19,387 INFO Response: {'code': -16, 'message': 'Could not authenticate the user', 's': 'error'}
2026-02-03 09:34:19,390 INFO [EXIT SIGNAL] Exiting LONG position for NSE:SBIN-EQ (Qty: 1)...
2026-02-03 09:34:20,394 INFO Response: {'code': -16, 'message': 'Could not authenticate the user', 's': 'error'}
2026-02-03 09:36:20,724 INFO [CANCEL SIGNAL] Cancelling order ID: NSE:SBIN-EQ-INTRADAY...
2026-02-03 09:36:21,708 INFO Response: {'code': -16, 'message': 'Could not authenticate the user', 's': 'error'}
2026-02-03 09:36:21,713 INFO [EXIT SIGNAL] Exiting LONG position for NSE:SBIN-EQ (Qty: 1)...
2026-02-03 09:36:23,619 INFO Response: {'code': -16, 'message': 'Could not authenticate the user', 's': 'error'}
2026-02-03 09:36:24,120 INFO [CANCEL SIGNAL] Cancelling order ID: NSE:YESBANK-EQ-CNC...
2026-02-03 09:36:26,707 INFO Response: {'code': -16, 'message': 'Could not authenticate the user', 's': 'error'}
2026-02-03 09:36:26,715 INFO [EXIT SIGNAL] Exiting LONG position for NSE:YESBANK-EQ (Qty: 1)...
2026-02-03 09:36:28,781 INFO Response: {'code': -16, 'message': 'Could not authenticate the user', 's': 'error'}
2026-02-03 09:39:21,853 INFO [CANCEL SIGNAL] Cancelling order ID: NSE:SBIN-EQ-INTRADAY...
2026-02-03 09:39:23,022 INFO Response: {'code': -16, 'message': 'Could not authenticate the user', 's': 'error'}
2026-02-03 09:39:23,025 INFO [EXIT SIGNAL] Exiting LONG position for NSE:SBIN-EQ (Qty: 1)...
2026-02-03 09:39:23,977 INFO Response: {'code': -16, 'message': 'Could not authenticate the user', 's': 'error'}
2026-02-03 09:39:24,130 INFO [CANCEL SIGNAL] Cancelling order ID: NSE:YESBANK-EQ-CNC...
2026-02-03 09:39:25,239 INFO Response: {'code': -16, 'message': 'Could not authenticate the user', 's': 'error'}
2026-02-03 09:39:25,243 INFO [EXIT SIGNAL] Exiting LONG position for NSE:YESBANK-EQ (Qty: 1)...
2026-02-03 09:39:26,378 INFO Response: {'code': -16, 'message': 'Could not authenticate the user', 's': 'error'}
2026-02-03 09:40:12,941 INFO [CANCEL SIGNAL] Cancelling order ID: NSE:SBIN-EQ-INTRADAY...
2026-02-03 09:40:13,962 INFO Response: {'code': -51, 'message': 'invalid order id: NSE:SBIN', 's': 'error', 'id': 'NSE:SBIN'}
2026-02-03 09:40:13,967 INFO [EXIT SIGNAL] Exiting LONG position for NSE:SBIN-EQ (Qty: 1)...
2026-02-03 09:40:14,832 INFO Response: {'code': 1101, 'message': 'Successfully placed order', 's': 'ok', 'id': '26020300085799'}
2026-02-03 09:40:20,323 ERROR [ERROR] Error placing exit order for NSE:SBIN-EQ: database is locked
2026-02-03 09:40:20,483 INFO [CANCEL SIGNAL] Cancelling order ID: NSE:YESBANK-EQ-CNC...
2026-02-03 09:40:21,398 INFO Response: {'code': -51, 'message': 'invalid order id: NSE:YESBANK', 's': 'error', 'id': 'NSE:YESBANK'}
2026-02-03 09:40:21,401 INFO [EXIT SIGNAL] Exiting LONG position for NSE:YESBANK-EQ (Qty: 1)...
2026-02-03 09:40:22,322 INFO Response: {'code': 1101, 'message': 'Successfully placed order', 's': 'ok', 'id': '26020300086022'}
2026-02-03 09:40:27,832 ERROR [ERROR] Error placing exit order for NSE:YESBANK-EQ: database is locked
2026-02-03 09:53:42,027 INFO [EXIT SIGNAL] Exiting LONG position for NSE:BANKBARODA-EQ (Qty: 1)...
2026-02-03 09:53:44,400 INFO Response: {'code': -16, 'message': 'Could not authenticate the user', 's': 'error'}
