2026-02-11 10:45:23,379 [INFO] ==================================================
2026-02-11 10:45:23,379 [INFO] 🚀 INITIALIZING STRATEGY ALERTS (5min)
2026-02-11 10:45:23,379 [INFO] ==================================================
2026-02-11 10:45:23,380 [INFO] 📅 FRVP Configuration:
2026-02-11 10:45:23,380 [INFO]    • Range: 09:15 - 10:25
2026-02-11 10:45:23,380 [INFO]    • Rows: 24 | VA%: 70
2026-02-11 10:45:23,382 [INFO] 
🌊 CVD Configuration:
2026-02-11 10:45:23,382 [INFO]    • Anchor: D
2026-02-11 10:45:23,382 [INFO]    • Ref Candles: First 16 candles of the day
2026-02-11 10:45:23,382 [INFO] --------------------------------------------------
2026-02-11 10:45:23,382 [INFO] ⏳ calculating reference levels for all symbols...
2026-02-11 10:45:24,929 [INFO] ✅ NSE:MAXHEALTH-EQ     | CVD Ref (1st 16 c): 245584 | FRVP VAH:  1047.20
2026-02-11 10:45:25,424 [INFO] ✅ NSE:FORTIS-EQ        | CVD Ref (1st 16 c): 419281 | FRVP VAH:   928.95
2026-02-11 10:45:25,892 [INFO] ✅ NSE:BPCL-EQ          | CVD Ref (1st 16 c):  72420 | FRVP VAH:   390.20
2026-02-11 10:45:26,293 [INFO] ✅ NSE:ASHOKLEY-EQ      | CVD Ref (1st 16 c): 1480347 | FRVP VAH:   214.25
2026-02-11 10:45:26,294 [INFO] ==================================================

2026-02-11 10:45:26,294 [INFO] 🚀 Buy Alert Monitoring Started...
2026-02-11 10:45:26,295 [INFO] 🔍 Scanning for alerts on 4 symbols (5min)...
2026-02-11 10:45:27,116 [INFO]     NSE:MAXHEALTH-EQ | CVD=146544 vs Ref=245584 | Close=1045.85 vs VAH=1047.20
2026-02-11 10:45:27,443 [INFO]     NSE:FORTIS-EQ | CVD=233534 vs Ref=419281 | Close=924.55 vs VAH=928.95
2026-02-11 10:45:27,618 [INFO]     NSE:BPCL-EQ | CVD=16578 vs Ref=72420 | Close=389.20 vs VAH=390.20
2026-02-11 10:45:27,845 [INFO]     NSE:ASHOKLEY-EQ | CVD=1683028 vs Ref=1480347 | Close=213.87 vs VAH=214.25
2026-02-11 10:46:27,846 [INFO] 🔍 Scanning for alerts on 4 symbols (5min)...
2026-02-11 10:46:28,011 [INFO]     NSE:MAXHEALTH-EQ | CVD=139750 vs Ref=245584 | Close=1044.45 vs VAH=1047.20
2026-02-11 10:46:28,179 [INFO]     NSE:FORTIS-EQ | CVD=227320 vs Ref=419281 | Close=921.70 vs VAH=928.95
2026-02-11 10:46:28,345 [INFO]     NSE:BPCL-EQ | CVD=-11354 vs Ref=72420 | Close=388.45 vs VAH=390.20
2026-02-11 10:46:28,565 [INFO]     NSE:ASHOKLEY-EQ | CVD=1675072 vs Ref=1480347 | Close=213.68 vs VAH=214.25
2026-02-11 10:47:28,568 [INFO] 🔍 Scanning for alerts on 4 symbols (5min)...
2026-02-11 10:47:28,942 [INFO]     NSE:MAXHEALTH-EQ | CVD=139750 vs Ref=245584 | Close=1044.45 vs VAH=1047.20
2026-02-11 10:47:29,433 [INFO]     NSE:FORTIS-EQ | CVD=227320 vs Ref=419281 | Close=921.70 vs VAH=928.95
2026-02-11 10:47:29,872 [INFO]     NSE:BPCL-EQ | CVD=-11354 vs Ref=72420 | Close=388.45 vs VAH=390.20
2026-02-11 10:47:30,265 [INFO]     NSE:ASHOKLEY-EQ | CVD=1675072 vs Ref=1480347 | Close=213.68 vs VAH=214.25
2026-02-11 10:48:30,267 [INFO] 🔍 Scanning for alerts on 4 symbols (5min)...
2026-02-11 10:48:30,476 [INFO]     NSE:MAXHEALTH-EQ | CVD=139750 vs Ref=245584 | Close=1044.45 vs VAH=1047.20
2026-02-11 10:48:30,789 [INFO]     NSE:FORTIS-EQ | CVD=227320 vs Ref=419281 | Close=921.70 vs VAH=928.95
2026-02-11 10:48:31,163 [INFO]     NSE:BPCL-EQ | CVD=-11354 vs Ref=72420 | Close=388.45 vs VAH=390.20
2026-02-11 10:48:31,604 [INFO]     NSE:ASHOKLEY-EQ | CVD=1675072 vs Ref=1480347 | Close=213.68 vs VAH=214.25
2026-02-11 10:49:31,606 [INFO] 🔍 Scanning for alerts on 4 symbols (5min)...
2026-02-11 10:49:31,844 [INFO]     NSE:MAXHEALTH-EQ | CVD=139750 vs Ref=245584 | Close=1044.45 vs VAH=1047.20
2026-02-11 10:49:32,198 [INFO]     NSE:FORTIS-EQ | CVD=227320 vs Ref=419281 | Close=921.70 vs VAH=928.95
2026-02-11 10:49:32,457 [INFO]     NSE:BPCL-EQ | CVD=-11354 vs Ref=72420 | Close=388.45 vs VAH=390.20
2026-02-11 10:49:32,715 [INFO]     NSE:ASHOKLEY-EQ | CVD=1675072 vs Ref=1480347 | Close=213.68 vs VAH=214.25
2026-02-11 10:50:32,717 [INFO] 🔍 Scanning for alerts on 4 symbols (5min)...
2026-02-11 10:50:33,035 [INFO]     NSE:MAXHEALTH-EQ | CVD=139750 vs Ref=245584 | Close=1044.45 vs VAH=1047.20
2026-02-11 10:50:33,367 [INFO]     NSE:FORTIS-EQ | CVD=227320 vs Ref=419281 | Close=921.70 vs VAH=928.95
2026-02-11 10:50:33,653 [INFO]     NSE:BPCL-EQ | CVD=-11354 vs Ref=72420 | Close=388.45 vs VAH=390.20
2026-02-11 10:50:33,967 [INFO]     NSE:ASHOKLEY-EQ | CVD=1675072 vs Ref=1480347 | Close=213.68 vs VAH=214.25
2026-02-11 10:51:33,969 [INFO] 🔍 Scanning for alerts on 4 symbols (5min)...
2026-02-11 10:51:34,452 [INFO]     NSE:MAXHEALTH-EQ | CVD=127453 vs Ref=245584 | Close=1044.85 vs VAH=1047.20
2026-02-11 10:51:35,236 [INFO]     NSE:FORTIS-EQ | CVD=279364 vs Ref=419281 | Close=922.85 vs VAH=928.95
2026-02-11 10:51:35,939 [INFO]     NSE:BPCL-EQ | CVD=-4050 vs Ref=72420 | Close=389.65 vs VAH=390.20
2026-02-11 10:51:36,393 [INFO]     NSE:ASHOKLEY-EQ | CVD=1692278 vs Ref=1480347 | Close=214.00 vs VAH=214.25
2026-02-11 10:52:36,394 [INFO] 🔍 Scanning for alerts on 4 symbols (5min)...
2026-02-11 10:52:36,626 [INFO]     NSE:MAXHEALTH-EQ | CVD=127453 vs Ref=245584 | Close=1044.85 vs VAH=1047.20
2026-02-11 10:52:36,891 [INFO]     NSE:FORTIS-EQ | CVD=279364 vs Ref=419281 | Close=922.85 vs VAH=928.95
2026-02-11 10:52:37,163 [INFO]     NSE:BPCL-EQ | CVD=-4050 vs Ref=72420 | Close=389.65 vs VAH=390.20
2026-02-11 10:52:37,416 [INFO]     NSE:ASHOKLEY-EQ | CVD=1692278 vs Ref=1480347 | Close=214.00 vs VAH=214.25
2026-02-11 10:53:37,418 [INFO] 🔍 Scanning for alerts on 4 symbols (5min)...
2026-02-11 10:53:37,655 [INFO]     NSE:MAXHEALTH-EQ | CVD=127453 vs Ref=245584 | Close=1044.85 vs VAH=1047.20
2026-02-11 10:53:37,932 [INFO]     NSE:FORTIS-EQ | CVD=279364 vs Ref=419281 | Close=922.85 vs VAH=928.95
2026-02-11 10:53:38,302 [INFO]     NSE:BPCL-EQ | CVD=-4050 vs Ref=72420 | Close=389.65 vs VAH=390.20
2026-02-11 10:53:38,658 [INFO]     NSE:ASHOKLEY-EQ | CVD=1692278 vs Ref=1480347 | Close=214.00 vs VAH=214.25
2026-02-11 10:54:38,660 [INFO] 🔍 Scanning for alerts on 4 symbols (5min)...
2026-02-11 10:54:38,862 [INFO]     NSE:MAXHEALTH-EQ | CVD=127453 vs Ref=245584 | Close=1044.85 vs VAH=1047.20
2026-02-11 10:54:39,241 [INFO]     NSE:FORTIS-EQ | CVD=279364 vs Ref=419281 | Close=922.85 vs VAH=928.95
2026-02-11 10:54:39,535 [INFO]     NSE:BPCL-EQ | CVD=-4050 vs Ref=72420 | Close=389.65 vs VAH=390.20
2026-02-11 10:54:39,782 [INFO]     NSE:ASHOKLEY-EQ | CVD=1692278 vs Ref=1480347 | Close=214.00 vs VAH=214.25
2026-02-11 10:55:39,783 [INFO] 🔍 Scanning for alerts on 4 symbols (5min)...
2026-02-11 10:55:40,023 [INFO]     NSE:MAXHEALTH-EQ | CVD=127453 vs Ref=245584 | Close=1044.85 vs VAH=1047.20
2026-02-11 10:55:40,457 [INFO]     NSE:FORTIS-EQ | CVD=279364 vs Ref=419281 | Close=922.85 vs VAH=928.95
2026-02-11 10:55:40,786 [INFO]     NSE:BPCL-EQ | CVD=-4050 vs Ref=72420 | Close=389.65 vs VAH=390.20
2026-02-11 10:55:41,037 [INFO]     NSE:ASHOKLEY-EQ | CVD=1692278 vs Ref=1480347 | Close=214.00 vs VAH=214.25
2026-02-11 10:56:41,040 [INFO] 🔍 Scanning for alerts on 4 symbols (5min)...
2026-02-11 10:56:42,749 [INFO]     NSE:MAXHEALTH-EQ | CVD=110218 vs Ref=245584 | Close=1042.00 vs VAH=1047.20
2026-02-11 10:56:44,640 [INFO]     NSE:FORTIS-EQ | CVD=288092 vs Ref=419281 | Close=923.10 vs VAH=928.95
2026-02-11 10:56:45,774 [INFO]     NSE:BPCL-EQ | CVD=-24212 vs Ref=72420 | Close=389.60 vs VAH=390.20
2026-02-11 10:56:46,950 [INFO]     NSE:ASHOKLEY-EQ | CVD=1527920 vs Ref=1480347 | Close=213.83 vs VAH=214.25
2026-02-11 10:57:46,957 [INFO] 🔍 Scanning for alerts on 4 symbols (5min)...
2026-02-11 10:57:47,342 [INFO]     NSE:MAXHEALTH-EQ | CVD=110218 vs Ref=245584 | Close=1042.00 vs VAH=1047.20
2026-02-11 10:57:47,701 [INFO]     NSE:FORTIS-EQ | CVD=288092 vs Ref=419281 | Close=923.10 vs VAH=928.95
2026-02-11 10:57:48,089 [INFO]     NSE:BPCL-EQ | CVD=-24212 vs Ref=72420 | Close=389.60 vs VAH=390.20
2026-02-11 10:57:49,132 [INFO]     NSE:ASHOKLEY-EQ | CVD=1527920 vs Ref=1480347 | Close=213.83 vs VAH=214.25
2026-02-11 10:58:49,194 [INFO] 🔍 Scanning for alerts on 4 symbols (5min)...
2026-02-11 10:58:49,729 [INFO]     NSE:MAXHEALTH-EQ | CVD=110218 vs Ref=245584 | Close=1042.00 vs VAH=1047.20
2026-02-11 10:58:50,422 [INFO]     NSE:FORTIS-EQ | CVD=288092 vs Ref=419281 | Close=923.10 vs VAH=928.95
2026-02-11 10:58:51,130 [INFO]     NSE:BPCL-EQ | CVD=-24212 vs Ref=72420 | Close=389.60 vs VAH=390.20
2026-02-11 10:58:51,837 [INFO]     NSE:ASHOKLEY-EQ | CVD=1527920 vs Ref=1480347 | Close=213.83 vs VAH=214.25
2026-02-11 10:59:51,839 [INFO] 🔍 Scanning for alerts on 4 symbols (5min)...
2026-02-11 10:59:52,688 [INFO]     NSE:MAXHEALTH-EQ | CVD=110218 vs Ref=245584 | Close=1042.00 vs VAH=1047.20
2026-02-11 10:59:53,375 [INFO]     NSE:FORTIS-EQ | CVD=288092 vs Ref=419281 | Close=923.10 vs VAH=928.95
2026-02-11 10:59:54,069 [INFO]     NSE:BPCL-EQ | CVD=-24212 vs Ref=72420 | Close=389.60 vs VAH=390.20
2026-02-11 10:59:54,789 [INFO]     NSE:ASHOKLEY-EQ | CVD=1527920 vs Ref=1480347 | Close=213.83 vs VAH=214.25
2026-02-11 11:00:54,792 [INFO] 🔍 Scanning for alerts on 4 symbols (5min)...
2026-02-11 11:00:55,933 [INFO]     NSE:MAXHEALTH-EQ | CVD=110218 vs Ref=245584 | Close=1042.00 vs VAH=1047.20
2026-02-11 11:00:57,023 [INFO]     NSE:FORTIS-EQ | CVD=288092 vs Ref=419281 | Close=923.10 vs VAH=928.95
2026-02-11 11:00:57,323 [INFO]     NSE:BPCL-EQ | CVD=-24212 vs Ref=72420 | Close=389.60 vs VAH=390.20
2026-02-11 11:00:57,748 [INFO]     NSE:ASHOKLEY-EQ | CVD=1527920 vs Ref=1480347 | Close=213.83 vs VAH=214.25
2026-02-11 11:01:57,751 [INFO] 🔍 Scanning for alerts on 4 symbols (5min)...
2026-02-11 11:01:57,962 [INFO]     NSE:MAXHEALTH-EQ | CVD=103897 vs Ref=245584 | Close=1041.50 vs VAH=1047.20
2026-02-11 11:01:58,445 [INFO]     NSE:FORTIS-EQ | CVD=320004 vs Ref=419281 | Close=925.70 vs VAH=928.95
2026-02-11 11:01:59,595 [INFO]     NSE:BPCL-EQ | CVD=-21101 vs Ref=72420 | Close=389.55 vs VAH=390.20
2026-02-11 11:01:59,965 [INFO]     NSE:ASHOKLEY-EQ | CVD=1596843 vs Ref=1480347 | Close=214.00 vs VAH=214.25
2026-02-11 11:02:59,967 [INFO] 🔍 Scanning for alerts on 4 symbols (5min)...
2026-02-11 11:03:00,244 [INFO]     NSE:MAXHEALTH-EQ | CVD=103897 vs Ref=245584 | Close=1041.50 vs VAH=1047.20
2026-02-11 11:03:00,651 [INFO]     NSE:FORTIS-EQ | CVD=320004 vs Ref=419281 | Close=925.70 vs VAH=928.95
2026-02-11 11:03:02,576 [INFO]     NSE:BPCL-EQ | CVD=-21101 vs Ref=72420 | Close=389.55 vs VAH=390.20
2026-02-11 11:03:02,956 [INFO]     NSE:ASHOKLEY-EQ | CVD=1596843 vs Ref=1480347 | Close=214.00 vs VAH=214.25
2026-02-11 11:04:02,958 [INFO] 🔍 Scanning for alerts on 4 symbols (5min)...
2026-02-11 11:04:03,645 [INFO]     NSE:MAXHEALTH-EQ | CVD=103897 vs Ref=245584 | Close=1041.50 vs VAH=1047.20
2026-02-11 11:04:04,707 [INFO]     NSE:FORTIS-EQ | CVD=320004 vs Ref=419281 | Close=925.70 vs VAH=928.95
2026-02-11 11:04:05,679 [INFO]     NSE:BPCL-EQ | CVD=-21101 vs Ref=72420 | Close=389.55 vs VAH=390.20
2026-02-11 11:04:06,585 [INFO]     NSE:ASHOKLEY-EQ | CVD=1596843 vs Ref=1480347 | Close=214.00 vs VAH=214.25
2026-02-11 11:05:06,588 [INFO] 🔍 Scanning for alerts on 4 symbols (5min)...
2026-02-11 11:05:06,960 [INFO]     NSE:MAXHEALTH-EQ | CVD=103897 vs Ref=245584 | Close=1041.50 vs VAH=1047.20
2026-02-11 11:05:07,501 [INFO]     NSE:FORTIS-EQ | CVD=320004 vs Ref=419281 | Close=925.70 vs VAH=928.95
2026-02-11 11:05:08,099 [INFO]     NSE:BPCL-EQ | CVD=-21101 vs Ref=72420 | Close=389.55 vs VAH=390.20
2026-02-11 11:05:08,664 [INFO]     NSE:ASHOKLEY-EQ | CVD=1596843 vs Ref=1480347 | Close=214.00 vs VAH=214.25
2026-02-11 11:06:08,665 [INFO] 🔍 Scanning for alerts on 4 symbols (5min)...
2026-02-11 11:06:08,920 [INFO]     NSE:MAXHEALTH-EQ | CVD=111997 vs Ref=245584 | Close=1042.30 vs VAH=1047.20
2026-02-11 11:06:09,206 [INFO]     NSE:FORTIS-EQ | CVD=297223 vs Ref=419281 | Close=923.75 vs VAH=928.95
2026-02-11 11:06:09,577 [INFO]     NSE:BPCL-EQ | CVD=-48722 vs Ref=72420 | Close=389.25 vs VAH=390.20
2026-02-11 11:06:09,935 [INFO]     NSE:ASHOKLEY-EQ | CVD=1490816 vs Ref=1480347 | Close=214.00 vs VAH=214.25
2026-02-11 11:07:09,937 [INFO] 🔍 Scanning for alerts on 4 symbols (5min)...
2026-02-11 11:07:10,312 [INFO]     NSE:MAXHEALTH-EQ | CVD=111997 vs Ref=245584 | Close=1042.30 vs VAH=1047.20
2026-02-11 11:07:10,667 [INFO]     NSE:FORTIS-EQ | CVD=297223 vs Ref=419281 | Close=923.75 vs VAH=928.95
2026-02-11 11:07:10,952 [INFO]     NSE:BPCL-EQ | CVD=-48722 vs Ref=72420 | Close=389.25 vs VAH=390.20
2026-02-11 11:07:11,200 [INFO]     NSE:ASHOKLEY-EQ | CVD=1490816 vs Ref=1480347 | Close=214.00 vs VAH=214.25
2026-02-11 11:08:11,202 [INFO] 🔍 Scanning for alerts on 4 symbols (5min)...
2026-02-11 11:08:11,483 [INFO]     NSE:MAXHEALTH-EQ | CVD=111997 vs Ref=245584 | Close=1042.30 vs VAH=1047.20
2026-02-11 11:08:11,975 [INFO]     NSE:FORTIS-EQ | CVD=297223 vs Ref=419281 | Close=923.75 vs VAH=928.95
2026-02-11 11:08:12,823 [INFO]     NSE:BPCL-EQ | CVD=-48722 vs Ref=72420 | Close=389.25 vs VAH=390.20
2026-02-11 11:08:13,792 [INFO]     NSE:ASHOKLEY-EQ | CVD=1490816 vs Ref=1480347 | Close=214.00 vs VAH=214.25
2026-02-11 11:08:37,636 [INFO] 👋  Buy Alert Monitoring stopped by user.
2026-02-11 11:08:45,354 [INFO] ==================================================
2026-02-11 11:08:45,356 [INFO] 🚀 INITIALIZING STRATEGY ALERTS (5min)
2026-02-11 11:08:45,357 [INFO] ==================================================
2026-02-11 11:08:45,358 [INFO] 📅 FRVP Configuration:
2026-02-11 11:08:45,359 [INFO]    • Range: 09:15 - 10:25
2026-02-11 11:08:45,360 [INFO]    • Rows: 24 | VA%: 70
2026-02-11 11:08:45,361 [INFO] 
🌊 CVD Configuration:
2026-02-11 11:08:45,363 [INFO]    • Anchor: D
2026-02-11 11:08:45,365 [INFO]    • Ref Candles: First 16 candles of the day
2026-02-11 11:08:45,366 [INFO] --------------------------------------------------
2026-02-11 11:08:45,368 [INFO] ⏳ calculating reference levels for all symbols...
2026-02-11 11:08:45,735 [INFO] ✅ NSE:MAXHEALTH-EQ     | CVD Ref (1st 16 c): 245584 | FRVP VAH:  1047.20
2026-02-11 11:08:46,021 [INFO] ✅ NSE:FORTIS-EQ        | CVD Ref (1st 16 c): 419281 | FRVP VAH:   928.95
2026-02-11 11:08:46,348 [INFO] ✅ NSE:BPCL-EQ          | CVD Ref (1st 16 c):  72420 | FRVP VAH:   390.20
2026-02-11 11:08:46,833 [INFO] ✅ NSE:ASHOKLEY-EQ      | CVD Ref (1st 16 c): 1480347 | FRVP VAH:   214.25
2026-02-11 11:08:47,497 [INFO] ✅ NSE:M&M-EQ           | CVD Ref (1st 16 c): 369705 | FRVP VAH:  3755.50
2026-02-11 11:08:47,497 [INFO] ==================================================

2026-02-11 11:08:47,498 [INFO] 🚀 Buy Alert Monitoring Started...
2026-02-11 11:08:47,499 [INFO] 🔍 Scanning for alerts on 5 symbols (5min)...
2026-02-11 11:08:47,943 [INFO]     NSE:MAXHEALTH-EQ | CVD=111997 vs Ref=245584 | Close=1042.30 vs VAH=1047.20
2026-02-11 11:08:48,324 [INFO]     NSE:FORTIS-EQ | CVD=297223 vs Ref=419281 | Close=923.75 vs VAH=928.95
2026-02-11 11:08:48,690 [INFO]     NSE:BPCL-EQ | CVD=-48722 vs Ref=72420 | Close=389.25 vs VAH=390.20
2026-02-11 11:08:48,985 [INFO]     NSE:ASHOKLEY-EQ | CVD=1490816 vs Ref=1480347 | Close=214.00 vs VAH=214.25
2026-02-11 11:08:49,488 [INFO] 📡 Sending order request for NSE:M&M-EQ to http://localhost:4000/postOrder...
2026-02-11 11:08:50,720 [INFO] 📩 Server Response: 200 - {"message":"Order execution triggered","status":"success","receivedData":{"ticker":"NSE:M&M-EQ","action":"BUY","close":3763.5}}
2026-02-11 11:08:50,721 [INFO]     NSE:M&M-EQ | CVD=406018 vs Ref=369705 | Close=3763.50 vs VAH=3755.50
2026-02-11 11:09:50,723 [INFO] 🔍 Scanning for alerts on 4 symbols (5min)...
2026-02-11 11:09:51,452 [INFO]     NSE:MAXHEALTH-EQ | CVD=111997 vs Ref=245584 | Close=1042.30 vs VAH=1047.20
2026-02-11 11:09:51,853 [INFO]     NSE:FORTIS-EQ | CVD=297223 vs Ref=419281 | Close=923.75 vs VAH=928.95
2026-02-11 11:09:52,248 [INFO]     NSE:BPCL-EQ | CVD=-48722 vs Ref=72420 | Close=389.25 vs VAH=390.20
2026-02-11 11:09:52,658 [INFO]     NSE:ASHOKLEY-EQ | CVD=1490816 vs Ref=1480347 | Close=214.00 vs VAH=214.25
2026-02-11 11:10:52,660 [INFO] 🔍 Scanning for alerts on 4 symbols (5min)...
2026-02-11 11:10:52,826 [INFO]     NSE:MAXHEALTH-EQ | CVD=111997 vs Ref=245584 | Close=1042.30 vs VAH=1047.20
2026-02-11 11:10:53,000 [INFO]     NSE:FORTIS-EQ | CVD=297223 vs Ref=419281 | Close=923.75 vs VAH=928.95
2026-02-11 11:10:53,195 [INFO]     NSE:BPCL-EQ | CVD=-48722 vs Ref=72420 | Close=389.25 vs VAH=390.20
2026-02-11 11:10:53,373 [INFO]     NSE:ASHOKLEY-EQ | CVD=1490816 vs Ref=1480347 | Close=214.00 vs VAH=214.25
2026-02-11 11:11:53,376 [INFO] 🔍 Scanning for alerts on 4 symbols (5min)...
2026-02-11 11:11:54,418 [INFO]     NSE:MAXHEALTH-EQ | CVD=141955 vs Ref=245584 | Close=1044.00 vs VAH=1047.20
2026-02-11 11:11:54,716 [INFO]     NSE:FORTIS-EQ | CVD=253008 vs Ref=419281 | Close=923.10 vs VAH=928.95
2026-02-11 11:11:54,886 [INFO]     NSE:BPCL-EQ | CVD=-114105 vs Ref=72420 | Close=387.60 vs VAH=390.20
2026-02-11 11:11:55,091 [INFO]     NSE:ASHOKLEY-EQ | CVD=1413116 vs Ref=1480347 | Close=213.85 vs VAH=214.25
2026-02-11 11:12:55,093 [INFO] 🔍 Scanning for alerts on 4 symbols (5min)...
2026-02-11 11:12:55,260 [INFO]     NSE:MAXHEALTH-EQ | CVD=141955 vs Ref=245584 | Close=1044.00 vs VAH=1047.20
2026-02-11 11:12:55,425 [INFO]     NSE:FORTIS-EQ | CVD=253008 vs Ref=419281 | Close=923.10 vs VAH=928.95
2026-02-11 11:12:55,610 [INFO]     NSE:BPCL-EQ | CVD=-114105 vs Ref=72420 | Close=387.60 vs VAH=390.20
2026-02-11 11:12:55,781 [INFO]     NSE:ASHOKLEY-EQ | CVD=1413116 vs Ref=1480347 | Close=213.85 vs VAH=214.25
2026-02-11 11:13:55,782 [INFO] 🔍 Scanning for alerts on 4 symbols (5min)...
2026-02-11 11:13:55,929 [INFO]     NSE:MAXHEALTH-EQ | CVD=141955 vs Ref=245584 | Close=1044.00 vs VAH=1047.20
2026-02-11 11:13:56,098 [INFO]     NSE:FORTIS-EQ | CVD=253008 vs Ref=419281 | Close=923.10 vs VAH=928.95
2026-02-11 11:13:56,277 [INFO]     NSE:BPCL-EQ | CVD=-114105 vs Ref=72420 | Close=387.60 vs VAH=390.20
2026-02-11 11:13:56,461 [INFO]     NSE:ASHOKLEY-EQ | CVD=1413116 vs Ref=1480347 | Close=213.85 vs VAH=214.25
2026-02-11 11:14:56,462 [INFO] 🔍 Scanning for alerts on 4 symbols (5min)...
2026-02-11 11:14:56,604 [INFO]     NSE:MAXHEALTH-EQ | CVD=141955 vs Ref=245584 | Close=1044.00 vs VAH=1047.20
2026-02-11 11:14:56,768 [INFO]     NSE:FORTIS-EQ | CVD=253008 vs Ref=419281 | Close=923.10 vs VAH=928.95
2026-02-11 11:14:56,929 [INFO]     NSE:BPCL-EQ | CVD=-114105 vs Ref=72420 | Close=387.60 vs VAH=390.20
2026-02-11 11:14:57,078 [INFO]     NSE:ASHOKLEY-EQ | CVD=1413116 vs Ref=1480347 | Close=213.85 vs VAH=214.25
2026-02-11 11:15:57,079 [INFO] 🔍 Scanning for alerts on 4 symbols (5min)...
2026-02-11 11:15:57,236 [INFO]     NSE:MAXHEALTH-EQ | CVD=141955 vs Ref=245584 | Close=1044.00 vs VAH=1047.20
2026-02-11 11:15:57,395 [INFO]     NSE:FORTIS-EQ | CVD=253008 vs Ref=419281 | Close=923.10 vs VAH=928.95
2026-02-11 11:15:57,550 [INFO]     NSE:BPCL-EQ | CVD=-114105 vs Ref=72420 | Close=387.60 vs VAH=390.20
2026-02-11 11:15:57,723 [INFO]     NSE:ASHOKLEY-EQ | CVD=1413116 vs Ref=1480347 | Close=213.85 vs VAH=214.25
2026-02-11 11:16:59,357 [INFO] 🔍 Scanning for alerts on 4 symbols (5min)...
2026-02-11 11:16:59,524 [INFO]     NSE:MAXHEALTH-EQ | CVD=139704 vs Ref=245584 | Close=1044.60 vs VAH=1047.20
2026-02-11 11:16:59,693 [INFO]     NSE:FORTIS-EQ | CVD=242925 vs Ref=419281 | Close=921.50 vs VAH=928.95
2026-02-11 11:16:59,869 [INFO]     NSE:BPCL-EQ | CVD=-165530 vs Ref=72420 | Close=387.30 vs VAH=390.20
2026-02-11 11:17:00,067 [INFO]     NSE:ASHOKLEY-EQ | CVD=1281224 vs Ref=1480347 | Close=213.63 vs VAH=214.25
2026-02-11 11:18:00,068 [INFO] 🔍 Scanning for alerts on 4 symbols (5min)...
2026-02-11 11:18:00,230 [INFO]     NSE:MAXHEALTH-EQ | CVD=139704 vs Ref=245584 | Close=1044.60 vs VAH=1047.20
2026-02-11 11:18:00,393 [INFO]     NSE:FORTIS-EQ | CVD=242925 vs Ref=419281 | Close=921.50 vs VAH=928.95
2026-02-11 11:18:00,574 [INFO]     NSE:BPCL-EQ | CVD=-165530 vs Ref=72420 | Close=387.30 vs VAH=390.20
2026-02-11 11:18:00,790 [INFO]     NSE:ASHOKLEY-EQ | CVD=1281224 vs Ref=1480347 | Close=213.63 vs VAH=214.25
2026-02-11 11:19:00,791 [INFO] 🔍 Scanning for alerts on 4 symbols (5min)...
2026-02-11 11:19:02,483 [INFO]     NSE:MAXHEALTH-EQ | CVD=139704 vs Ref=245584 | Close=1044.60 vs VAH=1047.20
2026-02-11 11:19:02,706 [INFO]     NSE:FORTIS-EQ | CVD=242925 vs Ref=419281 | Close=921.50 vs VAH=928.95
2026-02-11 11:19:02,891 [INFO]     NSE:BPCL-EQ | CVD=-165530 vs Ref=72420 | Close=387.30 vs VAH=390.20
2026-02-11 11:19:03,056 [INFO]     NSE:ASHOKLEY-EQ | CVD=1281224 vs Ref=1480347 | Close=213.63 vs VAH=214.25
2026-02-11 11:20:03,057 [INFO] 🔍 Scanning for alerts on 4 symbols (5min)...
2026-02-11 11:20:03,220 [INFO]     NSE:MAXHEALTH-EQ | CVD=139704 vs Ref=245584 | Close=1044.60 vs VAH=1047.20
2026-02-11 11:20:03,395 [INFO]     NSE:FORTIS-EQ | CVD=242925 vs Ref=419281 | Close=921.50 vs VAH=928.95
2026-02-11 11:20:03,623 [INFO]     NSE:BPCL-EQ | CVD=-165530 vs Ref=72420 | Close=387.30 vs VAH=390.20
2026-02-11 11:20:03,827 [INFO]     NSE:ASHOKLEY-EQ | CVD=1281224 vs Ref=1480347 | Close=213.63 vs VAH=214.25
2026-02-11 11:21:03,829 [INFO] 🔍 Scanning for alerts on 4 symbols (5min)...
2026-02-11 11:21:03,990 [INFO]     NSE:MAXHEALTH-EQ | CVD=145196 vs Ref=245584 | Close=1045.35 vs VAH=1047.20
2026-02-11 11:21:04,151 [INFO]     NSE:FORTIS-EQ | CVD=200426 vs Ref=419281 | Close=918.40 vs VAH=928.95
2026-02-11 11:21:04,307 [INFO]     NSE:BPCL-EQ | CVD=-185562 vs Ref=72420 | Close=387.20 vs VAH=390.20
2026-02-11 11:21:04,475 [INFO]     NSE:ASHOKLEY-EQ | CVD=1183669 vs Ref=1480347 | Close=213.57 vs VAH=214.25
2026-02-11 11:22:04,477 [INFO] 🔍 Scanning for alerts on 4 symbols (5min)...
2026-02-11 11:22:04,637 [INFO]     NSE:MAXHEALTH-EQ | CVD=145196 vs Ref=245584 | Close=1045.35 vs VAH=1047.20
2026-02-11 11:22:04,798 [INFO]     NSE:FORTIS-EQ | CVD=200426 vs Ref=419281 | Close=918.40 vs VAH=928.95
2026-02-11 11:22:04,946 [INFO]     NSE:BPCL-EQ | CVD=-185562 vs Ref=72420 | Close=387.20 vs VAH=390.20
2026-02-11 11:22:05,285 [INFO]     NSE:ASHOKLEY-EQ | CVD=1183669 vs Ref=1480347 | Close=213.57 vs VAH=214.25
2026-02-11 11:23:05,287 [INFO] 🔍 Scanning for alerts on 4 symbols (5min)...
2026-02-11 11:23:05,731 [INFO]     NSE:MAXHEALTH-EQ | CVD=145196 vs Ref=245584 | Close=1045.35 vs VAH=1047.20
2026-02-11 11:23:06,006 [INFO]     NSE:FORTIS-EQ | CVD=200426 vs Ref=419281 | Close=918.40 vs VAH=928.95
2026-02-11 11:23:06,293 [INFO]     NSE:BPCL-EQ | CVD=-185562 vs Ref=72420 | Close=387.20 vs VAH=390.20
2026-02-11 11:23:06,599 [INFO]     NSE:ASHOKLEY-EQ | CVD=1183669 vs Ref=1480347 | Close=213.57 vs VAH=214.25
2026-02-11 11:24:06,602 [INFO] 🔍 Scanning for alerts on 4 symbols (5min)...
2026-02-11 11:24:06,798 [INFO]     NSE:MAXHEALTH-EQ | CVD=145196 vs Ref=245584 | Close=1045.35 vs VAH=1047.20
2026-02-11 11:24:07,071 [INFO]     NSE:FORTIS-EQ | CVD=200426 vs Ref=419281 | Close=918.40 vs VAH=928.95
2026-02-11 11:24:07,281 [INFO]     NSE:BPCL-EQ | CVD=-185562 vs Ref=72420 | Close=387.20 vs VAH=390.20
2026-02-11 11:24:07,490 [INFO]     NSE:ASHOKLEY-EQ | CVD=1183669 vs Ref=1480347 | Close=213.57 vs VAH=214.25
2026-02-11 11:25:07,491 [INFO] 🔍 Scanning for alerts on 4 symbols (5min)...
2026-02-11 11:25:07,807 [INFO]     NSE:MAXHEALTH-EQ | CVD=145196 vs Ref=245584 | Close=1045.35 vs VAH=1047.20
2026-02-11 11:25:08,113 [INFO]     NSE:FORTIS-EQ | CVD=200426 vs Ref=419281 | Close=918.40 vs VAH=928.95
2026-02-11 11:25:08,614 [INFO]     NSE:BPCL-EQ | CVD=-185562 vs Ref=72420 | Close=387.20 vs VAH=390.20
2026-02-11 11:25:09,045 [INFO]     NSE:ASHOKLEY-EQ | CVD=1183669 vs Ref=1480347 | Close=213.57 vs VAH=214.25
2026-02-11 11:26:09,049 [INFO] 🔍 Scanning for alerts on 4 symbols (5min)...
2026-02-11 11:26:09,417 [INFO]     NSE:MAXHEALTH-EQ | CVD=145885 vs Ref=245584 | Close=1043.40 vs VAH=1047.20
2026-02-11 11:26:09,670 [INFO]     NSE:FORTIS-EQ | CVD=162842 vs Ref=419281 | Close=915.85 vs VAH=928.95
2026-02-11 11:26:09,902 [INFO]     NSE:BPCL-EQ | CVD=-224876 vs Ref=72420 | Close=387.00 vs VAH=390.20
2026-02-11 11:26:10,126 [INFO]     NSE:ASHOKLEY-EQ | CVD=1258574 vs Ref=1480347 | Close=213.73 vs VAH=214.25
2026-02-11 11:27:10,127 [INFO] 🔍 Scanning for alerts on 4 symbols (5min)...
2026-02-11 11:27:10,281 [INFO]     NSE:MAXHEALTH-EQ | CVD=145885 vs Ref=245584 | Close=1043.40 vs VAH=1047.20
2026-02-11 11:27:10,447 [INFO]     NSE:FORTIS-EQ | CVD=162842 vs Ref=419281 | Close=915.85 vs VAH=928.95
2026-02-11 11:27:10,609 [INFO]     NSE:BPCL-EQ | CVD=-224876 vs Ref=72420 | Close=387.00 vs VAH=390.20
2026-02-11 11:27:10,767 [INFO]     NSE:ASHOKLEY-EQ | CVD=1258574 vs Ref=1480347 | Close=213.73 vs VAH=214.25
2026-02-11 11:28:10,768 [INFO] 🔍 Scanning for alerts on 4 symbols (5min)...
2026-02-11 11:28:10,936 [INFO]     NSE:MAXHEALTH-EQ | CVD=145885 vs Ref=245584 | Close=1043.40 vs VAH=1047.20
2026-02-11 11:28:11,095 [INFO]     NSE:FORTIS-EQ | CVD=162842 vs Ref=419281 | Close=915.85 vs VAH=928.95
2026-02-11 11:28:11,329 [INFO]     NSE:BPCL-EQ | CVD=-224876 vs Ref=72420 | Close=387.00 vs VAH=390.20
2026-02-11 11:28:11,511 [INFO]     NSE:ASHOKLEY-EQ | CVD=1258574 vs Ref=1480347 | Close=213.73 vs VAH=214.25
2026-02-11 11:29:11,513 [INFO] 🔍 Scanning for alerts on 4 symbols (5min)...
2026-02-11 11:29:11,657 [INFO]     NSE:MAXHEALTH-EQ | CVD=145885 vs Ref=245584 | Close=1043.40 vs VAH=1047.20
2026-02-11 11:29:11,817 [INFO]     NSE:FORTIS-EQ | CVD=162842 vs Ref=419281 | Close=915.85 vs VAH=928.95
2026-02-11 11:29:11,969 [INFO]     NSE:BPCL-EQ | CVD=-224876 vs Ref=72420 | Close=387.00 vs VAH=390.20
2026-02-11 11:29:12,131 [INFO]     NSE:ASHOKLEY-EQ | CVD=1258574 vs Ref=1480347 | Close=213.73 vs VAH=214.25
2026-02-11 11:30:12,132 [INFO] 🔍 Scanning for alerts on 4 symbols (5min)...
2026-02-11 11:30:12,308 [INFO]     NSE:MAXHEALTH-EQ | CVD=145885 vs Ref=245584 | Close=1043.40 vs VAH=1047.20
2026-02-11 11:30:12,473 [INFO]     NSE:FORTIS-EQ | CVD=162842 vs Ref=419281 | Close=915.85 vs VAH=928.95
2026-02-11 11:30:12,629 [INFO]     NSE:BPCL-EQ | CVD=-224876 vs Ref=72420 | Close=387.00 vs VAH=390.20
2026-02-11 11:30:12,785 [INFO]     NSE:ASHOKLEY-EQ | CVD=1258574 vs Ref=1480347 | Close=213.73 vs VAH=214.25
2026-02-11 11:31:12,788 [INFO] 🔍 Scanning for alerts on 4 symbols (5min)...
2026-02-11 11:31:12,934 [INFO]     NSE:MAXHEALTH-EQ | CVD=142546 vs Ref=245584 | Close=1043.05 vs VAH=1047.20
2026-02-11 11:31:13,097 [INFO]     NSE:FORTIS-EQ | CVD=153335 vs Ref=419281 | Close=915.50 vs VAH=928.95
2026-02-11 11:31:13,238 [INFO]     NSE:BPCL-EQ | CVD=-224503 vs Ref=72420 | Close=387.25 vs VAH=390.20
2026-02-11 11:31:13,387 [INFO] 📡 Sending order request for NSE:ASHOKLEY-EQ to http://localhost:4000/postOrder...
2026-02-11 11:31:13,417 [INFO] 📩 Server Response: 200 - {"message":"Order execution triggered","status":"success","receivedData":{"ticker":"NSE:ASHOKLEY-EQ","action":"BUY","close":214.38}}
2026-02-11 11:31:13,417 [INFO]     NSE:ASHOKLEY-EQ | CVD=1660441 vs Ref=1480347 | Close=214.38 vs VAH=214.25
2026-02-11 11:32:13,419 [INFO] 🔍 Scanning for alerts on 3 symbols (5min)...
2026-02-11 11:32:13,599 [INFO]     NSE:MAXHEALTH-EQ | CVD=142546 vs Ref=245584 | Close=1043.05 vs VAH=1047.20
2026-02-11 11:32:13,770 [INFO]     NSE:FORTIS-EQ | CVD=153335 vs Ref=419281 | Close=915.50 vs VAH=928.95
2026-02-11 11:32:13,913 [INFO]     NSE:BPCL-EQ | CVD=-224503 vs Ref=72420 | Close=387.25 vs VAH=390.20
2026-02-11 11:33:13,914 [INFO] 🔍 Scanning for alerts on 3 symbols (5min)...
2026-02-11 11:33:14,063 [INFO]     NSE:MAXHEALTH-EQ | CVD=142546 vs Ref=245584 | Close=1043.05 vs VAH=1047.20
2026-02-11 11:33:14,212 [INFO]     NSE:FORTIS-EQ | CVD=153335 vs Ref=419281 | Close=915.50 vs VAH=928.95
2026-02-11 11:33:14,360 [INFO]     NSE:BPCL-EQ | CVD=-224503 vs Ref=72420 | Close=387.25 vs VAH=390.20
2026-02-11 11:34:14,362 [INFO] 🔍 Scanning for alerts on 3 symbols (5min)...
2026-02-11 11:34:14,522 [INFO]     NSE:MAXHEALTH-EQ | CVD=142546 vs Ref=245584 | Close=1043.05 vs VAH=1047.20
2026-02-11 11:34:14,694 [INFO]     NSE:FORTIS-EQ | CVD=153335 vs Ref=419281 | Close=915.50 vs VAH=928.95
2026-02-11 11:34:14,869 [INFO]     NSE:BPCL-EQ | CVD=-224503 vs Ref=72420 | Close=387.25 vs VAH=390.20
2026-02-11 11:35:14,871 [INFO] 🔍 Scanning for alerts on 3 symbols (5min)...
2026-02-11 11:35:15,142 [INFO]     NSE:MAXHEALTH-EQ | CVD=142546 vs Ref=245584 | Close=1043.05 vs VAH=1047.20
2026-02-11 11:35:15,504 [INFO]     NSE:FORTIS-EQ | CVD=153335 vs Ref=419281 | Close=915.50 vs VAH=928.95
2026-02-11 11:35:15,832 [INFO]     NSE:BPCL-EQ | CVD=-224503 vs Ref=72420 | Close=387.25 vs VAH=390.20
2026-02-11 11:36:15,834 [INFO] 🔍 Scanning for alerts on 3 symbols (5min)...
2026-02-11 11:36:15,995 [INFO]     NSE:MAXHEALTH-EQ | CVD=145983 vs Ref=245584 | Close=1043.60 vs VAH=1047.20
2026-02-11 11:36:16,163 [INFO]     NSE:FORTIS-EQ | CVD=126144 vs Ref=419281 | Close=914.80 vs VAH=928.95
2026-02-11 11:36:16,322 [INFO]     NSE:BPCL-EQ | CVD=-254377 vs Ref=72420 | Close=387.15 vs VAH=390.20
2026-02-11 11:37:16,323 [INFO] 🔍 Scanning for alerts on 3 symbols (5min)...
2026-02-11 11:37:16,485 [INFO]     NSE:MAXHEALTH-EQ | CVD=145983 vs Ref=245584 | Close=1043.60 vs VAH=1047.20
2026-02-11 11:37:16,660 [INFO]     NSE:FORTIS-EQ | CVD=126144 vs Ref=419281 | Close=914.80 vs VAH=928.95
2026-02-11 11:37:16,888 [INFO]     NSE:BPCL-EQ | CVD=-254377 vs Ref=72420 | Close=387.15 vs VAH=390.20
2026-02-11 11:38:16,890 [INFO] 🔍 Scanning for alerts on 3 symbols (5min)...
2026-02-11 11:38:17,048 [INFO]     NSE:MAXHEALTH-EQ | CVD=145983 vs Ref=245584 | Close=1043.60 vs VAH=1047.20
2026-02-11 11:38:17,202 [INFO]     NSE:FORTIS-EQ | CVD=126144 vs Ref=419281 | Close=914.80 vs VAH=928.95
2026-02-11 11:38:17,362 [INFO]     NSE:BPCL-EQ | CVD=-254377 vs Ref=72420 | Close=387.15 vs VAH=390.20
2026-02-11 11:39:17,363 [INFO] 🔍 Scanning for alerts on 3 symbols (5min)...
2026-02-11 11:39:17,516 [INFO]     NSE:MAXHEALTH-EQ | CVD=145983 vs Ref=245584 | Close=1043.60 vs VAH=1047.20
2026-02-11 11:39:17,688 [INFO]     NSE:FORTIS-EQ | CVD=126144 vs Ref=419281 | Close=914.80 vs VAH=928.95
2026-02-11 11:39:17,844 [INFO]     NSE:BPCL-EQ | CVD=-254377 vs Ref=72420 | Close=387.15 vs VAH=390.20
2026-02-11 11:40:17,846 [INFO] 🔍 Scanning for alerts on 3 symbols (5min)...
2026-02-11 11:40:18,012 [INFO]     NSE:MAXHEALTH-EQ | CVD=145983 vs Ref=245584 | Close=1043.60 vs VAH=1047.20
2026-02-11 11:40:18,190 [INFO]     NSE:FORTIS-EQ | CVD=126144 vs Ref=419281 | Close=914.80 vs VAH=928.95
2026-02-11 11:40:18,384 [INFO]     NSE:BPCL-EQ | CVD=-254377 vs Ref=72420 | Close=387.15 vs VAH=390.20
2026-02-11 11:41:18,385 [INFO] 🔍 Scanning for alerts on 3 symbols (5min)...
2026-02-11 11:41:18,532 [INFO]     NSE:MAXHEALTH-EQ | CVD=160556 vs Ref=245584 | Close=1045.00 vs VAH=1047.20
2026-02-11 11:41:18,689 [INFO]     NSE:FORTIS-EQ | CVD=130218 vs Ref=419281 | Close=915.30 vs VAH=928.95
2026-02-11 11:41:18,838 [INFO]     NSE:BPCL-EQ | CVD=-351052 vs Ref=72420 | Close=387.00 vs VAH=390.20
2026-02-11 11:42:18,839 [INFO] 🔍 Scanning for alerts on 3 symbols (5min)...
2026-02-11 11:42:18,989 [INFO]     NSE:MAXHEALTH-EQ | CVD=160556 vs Ref=245584 | Close=1045.00 vs VAH=1047.20
2026-02-11 11:42:19,156 [INFO]     NSE:FORTIS-EQ | CVD=130218 vs Ref=419281 | Close=915.30 vs VAH=928.95
2026-02-11 11:42:19,320 [INFO]     NSE:BPCL-EQ | CVD=-351052 vs Ref=72420 | Close=387.00 vs VAH=390.20
2026-02-11 11:43:19,321 [INFO] 🔍 Scanning for alerts on 3 symbols (5min)...
2026-02-11 11:43:19,482 [INFO]     NSE:MAXHEALTH-EQ | CVD=160556 vs Ref=245584 | Close=1045.00 vs VAH=1047.20
2026-02-11 11:43:19,644 [INFO]     NSE:FORTIS-EQ | CVD=130218 vs Ref=419281 | Close=915.30 vs VAH=928.95
2026-02-11 11:43:19,802 [INFO]     NSE:BPCL-EQ | CVD=-351052 vs Ref=72420 | Close=387.00 vs VAH=390.20
2026-02-11 11:44:19,804 [INFO] 🔍 Scanning for alerts on 3 symbols (5min)...
2026-02-11 11:44:20,120 [INFO]     NSE:MAXHEALTH-EQ | CVD=160556 vs Ref=245584 | Close=1045.00 vs VAH=1047.20
2026-02-11 11:44:20,391 [INFO]     NSE:FORTIS-EQ | CVD=130218 vs Ref=419281 | Close=915.30 vs VAH=928.95
2026-02-11 11:44:20,613 [INFO]     NSE:BPCL-EQ | CVD=-351052 vs Ref=72420 | Close=387.00 vs VAH=390.20
2026-02-11 11:45:20,614 [INFO] 🔍 Scanning for alerts on 3 symbols (5min)...
2026-02-11 11:45:20,811 [INFO]     NSE:MAXHEALTH-EQ | CVD=160556 vs Ref=245584 | Close=1045.00 vs VAH=1047.20
2026-02-11 11:45:21,012 [INFO]     NSE:FORTIS-EQ | CVD=130218 vs Ref=419281 | Close=915.30 vs VAH=928.95
2026-02-11 11:45:21,174 [INFO]     NSE:BPCL-EQ | CVD=-351052 vs Ref=72420 | Close=387.00 vs VAH=390.20
2026-02-11 11:46:21,175 [INFO] 🔍 Scanning for alerts on 3 symbols (5min)...
2026-02-11 11:46:21,336 [INFO]     NSE:MAXHEALTH-EQ | CVD=161971 vs Ref=245584 | Close=1045.10 vs VAH=1047.20
2026-02-11 11:46:21,519 [INFO]     NSE:FORTIS-EQ | CVD=125987 vs Ref=419281 | Close=915.30 vs VAH=928.95
2026-02-11 11:46:21,673 [INFO]     NSE:BPCL-EQ | CVD=-335227 vs Ref=72420 | Close=387.15 vs VAH=390.20
2026-02-11 11:47:21,674 [INFO] 🔍 Scanning for alerts on 3 symbols (5min)...
2026-02-11 11:47:21,836 [INFO]     NSE:MAXHEALTH-EQ | CVD=161971 vs Ref=245584 | Close=1045.10 vs VAH=1047.20
2026-02-11 11:47:21,980 [INFO]     NSE:FORTIS-EQ | CVD=125987 vs Ref=419281 | Close=915.30 vs VAH=928.95
2026-02-11 11:47:22,231 [INFO]     NSE:BPCL-EQ | CVD=-335227 vs Ref=72420 | Close=387.15 vs VAH=390.20
2026-02-11 11:48:22,232 [INFO] 🔍 Scanning for alerts on 3 symbols (5min)...
2026-02-11 11:48:22,395 [INFO]     NSE:MAXHEALTH-EQ | CVD=161971 vs Ref=245584 | Close=1045.10 vs VAH=1047.20
2026-02-11 11:48:22,535 [INFO]     NSE:FORTIS-EQ | CVD=125987 vs Ref=419281 | Close=915.30 vs VAH=928.95
2026-02-11 11:48:22,685 [INFO]     NSE:BPCL-EQ | CVD=-335227 vs Ref=72420 | Close=387.15 vs VAH=390.20
2026-02-11 11:49:22,687 [INFO] 🔍 Scanning for alerts on 3 symbols (5min)...
2026-02-11 11:49:22,849 [INFO]     NSE:MAXHEALTH-EQ | CVD=161971 vs Ref=245584 | Close=1045.10 vs VAH=1047.20
2026-02-11 11:49:23,029 [INFO]     NSE:FORTIS-EQ | CVD=125987 vs Ref=419281 | Close=915.30 vs VAH=928.95
2026-02-11 11:49:23,195 [INFO]     NSE:BPCL-EQ | CVD=-335227 vs Ref=72420 | Close=387.15 vs VAH=390.20
2026-02-11 11:50:23,197 [INFO] 🔍 Scanning for alerts on 3 symbols (5min)...
2026-02-11 11:50:23,468 [INFO]     NSE:MAXHEALTH-EQ | CVD=161971 vs Ref=245584 | Close=1045.10 vs VAH=1047.20
2026-02-11 11:50:23,843 [INFO]     NSE:FORTIS-EQ | CVD=125987 vs Ref=419281 | Close=915.30 vs VAH=928.95
2026-02-11 11:50:24,254 [INFO]     NSE:BPCL-EQ | CVD=-335227 vs Ref=72420 | Close=387.15 vs VAH=390.20
2026-02-11 11:51:24,257 [INFO] 🔍 Scanning for alerts on 3 symbols (5min)...
2026-02-11 11:51:24,580 [INFO]     NSE:MAXHEALTH-EQ | CVD=220107 vs Ref=245584 | Close=1047.05 vs VAH=1047.20
2026-02-11 11:51:24,853 [INFO]     NSE:FORTIS-EQ | CVD=180808 vs Ref=419281 | Close=920.50 vs VAH=928.95
2026-02-11 11:51:25,153 [INFO]     NSE:BPCL-EQ | CVD=-311726 vs Ref=72420 | Close=387.45 vs VAH=390.20
2026-02-11 11:51:50,385 [INFO] 👋  Buy Alert Monitoring stopped by user.
2026-02-11 11:52:12,365 [INFO] ==================================================
2026-02-11 11:52:12,365 [INFO] 🚀 INITIALIZING STRATEGY ALERTS (5min)
2026-02-11 11:52:12,366 [INFO] ==================================================
2026-02-11 11:52:12,368 [INFO] 📅 FRVP Configuration:
2026-02-11 11:52:12,368 [INFO]    • Range: 09:15 - 10:25
2026-02-11 11:52:12,369 [INFO]    • Rows: 24 | VA%: 70
2026-02-11 11:52:12,370 [INFO] 
🌊 CVD Configuration:
2026-02-11 11:52:12,370 [INFO]    • Anchor: D
2026-02-11 11:52:12,371 [INFO]    • Ref Candles: First 16 candles of the day
2026-02-11 11:52:12,371 [INFO] --------------------------------------------------
2026-02-11 11:52:12,372 [INFO] ⏳ calculating reference levels for all symbols...
2026-02-11 11:52:12,652 [INFO] ✅ NSE:MAXHEALTH-EQ     | CVD Ref (1st 16 c): 245584 | FRVP VAH:  1047.20
2026-02-11 11:52:12,892 [INFO] ✅ NSE:FORTIS-EQ        | CVD Ref (1st 16 c): 419281 | FRVP VAH:   928.95
2026-02-11 11:52:13,142 [INFO] ✅ NSE:BPCL-EQ          | CVD Ref (1st 16 c):  72420 | FRVP VAH:   390.20
2026-02-11 11:52:13,367 [INFO] ✅ NSE:ASHOKLEY-EQ      | CVD Ref (1st 16 c): 1480347 | FRVP VAH:   214.25
2026-02-11 11:52:13,568 [INFO] ✅ NSE:M&M-EQ           | CVD Ref (1st 16 c): 369705 | FRVP VAH:  3755.50
2026-02-11 11:52:13,568 [INFO] ==================================================

2026-02-11 11:52:13,569 [INFO] 🚀 Buy Alert Monitoring Started...
2026-02-11 11:52:13,570 [INFO] 🔍 Scanning for alerts on 5 symbols (5min)...
2026-02-11 11:52:13,869 [INFO]     NSE:MAXHEALTH-EQ | CVD=220107 vs Ref=245584 | Close=1047.05 vs VAH=1047.20
2026-02-11 11:52:14,184 [INFO]     NSE:FORTIS-EQ | CVD=180808 vs Ref=419281 | Close=920.50 vs VAH=928.95
2026-02-11 11:52:14,696 [INFO]     NSE:BPCL-EQ | CVD=-311726 vs Ref=72420 | Close=387.45 vs VAH=390.20
2026-02-11 11:52:14,698 [INFO] ⏭️  Skipping NSE:ASHOKLEY-EQ: Already present in DB for today.
2026-02-11 11:52:14,700 [INFO] ⏭️  Skipping NSE:M&M-EQ: Already present in DB for today.
2026-02-11 11:53:14,702 [INFO] 🔍 Scanning for alerts on 3 symbols (5min)...
2026-02-11 11:53:14,928 [INFO]     NSE:MAXHEALTH-EQ | CVD=220107 vs Ref=245584 | Close=1047.05 vs VAH=1047.20
2026-02-11 11:53:15,214 [INFO]     NSE:FORTIS-EQ | CVD=180808 vs Ref=419281 | Close=920.50 vs VAH=928.95
2026-02-11 11:53:15,468 [INFO]     NSE:BPCL-EQ | CVD=-311726 vs Ref=72420 | Close=387.45 vs VAH=390.20
2026-02-11 11:54:15,470 [INFO] 🔍 Scanning for alerts on 3 symbols (5min)...
2026-02-11 11:54:15,705 [INFO]     NSE:MAXHEALTH-EQ | CVD=220107 vs Ref=245584 | Close=1047.05 vs VAH=1047.20
2026-02-11 11:54:16,023 [INFO]     NSE:FORTIS-EQ | CVD=180808 vs Ref=419281 | Close=920.50 vs VAH=928.95
2026-02-11 11:54:16,327 [INFO]     NSE:BPCL-EQ | CVD=-311726 vs Ref=72420 | Close=387.45 vs VAH=390.20
2026-02-11 11:55:16,329 [INFO] 🔍 Scanning for alerts on 3 symbols (5min)...
2026-02-11 11:55:16,480 [INFO]     NSE:MAXHEALTH-EQ | CVD=220107 vs Ref=245584 | Close=1047.05 vs VAH=1047.20
2026-02-11 11:55:16,713 [INFO]     NSE:FORTIS-EQ | CVD=180808 vs Ref=419281 | Close=920.50 vs VAH=928.95
2026-02-11 11:55:16,999 [INFO]     NSE:BPCL-EQ | CVD=-311726 vs Ref=72420 | Close=387.45 vs VAH=390.20
2026-02-11 11:56:17,000 [INFO] 🔍 Scanning for alerts on 3 symbols (5min)...
2026-02-11 11:56:17,145 [INFO]     NSE:MAXHEALTH-EQ | CVD=222786 vs Ref=245584 | Close=1046.90 vs VAH=1047.20
2026-02-11 11:56:17,301 [INFO]     NSE:FORTIS-EQ | CVD=178072 vs Ref=419281 | Close=919.45 vs VAH=928.95
2026-02-11 11:56:17,460 [INFO]     NSE:BPCL-EQ | CVD=-316150 vs Ref=72420 | Close=387.45 vs VAH=390.20
2026-02-11 11:57:17,462 [INFO] 🔍 Scanning for alerts on 3 symbols (5min)...
2026-02-11 11:57:17,631 [INFO]     NSE:MAXHEALTH-EQ | CVD=222786 vs Ref=245584 | Close=1046.90 vs VAH=1047.20
2026-02-11 11:57:17,880 [INFO]     NSE:FORTIS-EQ | CVD=178072 vs Ref=419281 | Close=919.45 vs VAH=928.95
2026-02-11 11:57:18,033 [INFO]     NSE:BPCL-EQ | CVD=-316150 vs Ref=72420 | Close=387.45 vs VAH=390.20
2026-02-11 11:58:18,034 [INFO] 🔍 Scanning for alerts on 3 symbols (5min)...
2026-02-11 11:58:18,196 [INFO]     NSE:MAXHEALTH-EQ | CVD=222786 vs Ref=245584 | Close=1046.90 vs VAH=1047.20
2026-02-11 11:58:18,348 [INFO]     NSE:FORTIS-EQ | CVD=178072 vs Ref=419281 | Close=919.45 vs VAH=928.95
2026-02-11 11:58:18,523 [INFO]     NSE:BPCL-EQ | CVD=-316150 vs Ref=72420 | Close=387.45 vs VAH=390.20
2026-02-11 11:59:18,524 [INFO] 🔍 Scanning for alerts on 3 symbols (5min)...
2026-02-11 11:59:18,714 [INFO]     NSE:MAXHEALTH-EQ | CVD=222786 vs Ref=245584 | Close=1046.90 vs VAH=1047.20
2026-02-11 11:59:18,892 [INFO]     NSE:FORTIS-EQ | CVD=178072 vs Ref=419281 | Close=919.45 vs VAH=928.95
2026-02-11 11:59:19,084 [INFO]     NSE:BPCL-EQ | CVD=-316150 vs Ref=72420 | Close=387.45 vs VAH=390.20
2026-02-11 12:00:19,086 [INFO] 🔍 Scanning for alerts on 3 symbols (5min)...
2026-02-11 12:00:19,237 [INFO]     NSE:MAXHEALTH-EQ | CVD=222786 vs Ref=245584 | Close=1046.90 vs VAH=1047.20
2026-02-11 12:00:19,390 [INFO]     NSE:FORTIS-EQ | CVD=178072 vs Ref=419281 | Close=919.45 vs VAH=928.95
2026-02-11 12:00:19,544 [INFO]     NSE:BPCL-EQ | CVD=-316150 vs Ref=72420 | Close=387.45 vs VAH=390.20
2026-02-11 12:01:19,547 [INFO] 🔍 Scanning for alerts on 3 symbols (5min)...
2026-02-11 12:01:23,151 [INFO]     NSE:MAXHEALTH-EQ | CVD=222386 vs Ref=245584 | Close=1046.15 vs VAH=1047.20
2026-02-11 12:01:28,048 [INFO]     NSE:FORTIS-EQ | CVD=182940 vs Ref=419281 | Close=922.35 vs VAH=928.95
2026-02-11 12:01:31,375 [INFO]     NSE:BPCL-EQ | CVD=-317812 vs Ref=72420 | Close=387.60 vs VAH=390.20
2026-02-11 12:02:31,691 [INFO] 🔍 Scanning for alerts on 3 symbols (5min)...
2026-02-11 12:02:41,344 [INFO]     NSE:MAXHEALTH-EQ | CVD=222386 vs Ref=245584 | Close=1046.15 vs VAH=1047.20
2026-02-11 12:03:00,108 [INFO]     NSE:FORTIS-EQ | CVD=182940 vs Ref=419281 | Close=922.35 vs VAH=928.95
2026-02-11 12:03:22,382 [INFO]     NSE:BPCL-EQ | CVD=-317812 vs Ref=72420 | Close=387.60 vs VAH=390.20
2026-02-11 12:04:22,558 [INFO] 🔍 Scanning for alerts on 3 symbols (5min)...
2026-02-11 12:04:22,926 [INFO]     NSE:MAXHEALTH-EQ | CVD=222386 vs Ref=245584 | Close=1046.15 vs VAH=1047.20
2026-02-11 12:04:23,573 [INFO]     NSE:FORTIS-EQ | CVD=182940 vs Ref=419281 | Close=922.35 vs VAH=928.95
2026-02-11 12:04:24,165 [INFO]     NSE:BPCL-EQ | CVD=-317812 vs Ref=72420 | Close=387.60 vs VAH=390.20
2026-02-11 12:05:24,167 [INFO] 🔍 Scanning for alerts on 3 symbols (5min)...
2026-02-11 12:05:24,395 [INFO]     NSE:MAXHEALTH-EQ | CVD=222386 vs Ref=245584 | Close=1046.15 vs VAH=1047.20
2026-02-11 12:05:24,622 [INFO]     NSE:FORTIS-EQ | CVD=182940 vs Ref=419281 | Close=922.35 vs VAH=928.95
2026-02-11 12:05:24,817 [INFO]     NSE:BPCL-EQ | CVD=-317812 vs Ref=72420 | Close=387.60 vs VAH=390.20
2026-02-11 12:06:24,818 [INFO] 🔍 Scanning for alerts on 3 symbols (5min)...
2026-02-11 12:06:25,922 [INFO]     NSE:MAXHEALTH-EQ | CVD=222386 vs Ref=245584 | Close=1046.15 vs VAH=1047.20
2026-02-11 12:06:26,752 [INFO]     NSE:FORTIS-EQ | CVD=182940 vs Ref=419281 | Close=922.35 vs VAH=928.95
2026-02-11 12:06:27,730 [INFO]     NSE:BPCL-EQ | CVD=-317812 vs Ref=72420 | Close=387.60 vs VAH=390.20
2026-02-11 12:07:27,734 [INFO] 🔍 Scanning for alerts on 3 symbols (5min)...
2026-02-11 12:07:28,080 [INFO]     NSE:MAXHEALTH-EQ | CVD=222386 vs Ref=245584 | Close=1046.15 vs VAH=1047.20
2026-02-11 12:07:28,369 [INFO]     NSE:FORTIS-EQ | CVD=182940 vs Ref=419281 | Close=922.35 vs VAH=928.95
2026-02-11 12:07:28,635 [INFO]     NSE:BPCL-EQ | CVD=-317812 vs Ref=72420 | Close=387.60 vs VAH=390.20
2026-02-11 12:08:28,637 [INFO] 🔍 Scanning for alerts on 3 symbols (5min)...
2026-02-11 12:08:28,846 [INFO]     NSE:MAXHEALTH-EQ | CVD=222386 vs Ref=245584 | Close=1046.15 vs VAH=1047.20
2026-02-11 12:08:29,208 [INFO]     NSE:FORTIS-EQ | CVD=182940 vs Ref=419281 | Close=922.35 vs VAH=928.95
2026-02-11 12:08:29,564 [INFO]     NSE:BPCL-EQ | CVD=-317812 vs Ref=72420 | Close=387.60 vs VAH=390.20
2026-02-11 12:09:29,565 [INFO] 🔍 Scanning for alerts on 3 symbols (5min)...
2026-02-11 12:09:30,060 [INFO]     NSE:MAXHEALTH-EQ | CVD=222386 vs Ref=245584 | Close=1046.15 vs VAH=1047.20
2026-02-11 12:09:30,342 [INFO]     NSE:FORTIS-EQ | CVD=182940 vs Ref=419281 | Close=922.35 vs VAH=928.95
2026-02-11 12:09:32,169 [INFO]     NSE:BPCL-EQ | CVD=-317812 vs Ref=72420 | Close=387.60 vs VAH=390.20
2026-02-11 12:10:32,170 [INFO] 🔍 Scanning for alerts on 3 symbols (5min)...
2026-02-11 12:10:32,397 [INFO]     NSE:MAXHEALTH-EQ | CVD=222386 vs Ref=245584 | Close=1046.15 vs VAH=1047.20
2026-02-11 12:10:32,707 [INFO]     NSE:FORTIS-EQ | CVD=182940 vs Ref=419281 | Close=922.35 vs VAH=928.95
2026-02-11 12:10:32,992 [INFO]     NSE:BPCL-EQ | CVD=-317812 vs Ref=72420 | Close=387.60 vs VAH=390.20
2026-02-11 12:11:32,994 [INFO] 🔍 Scanning for alerts on 3 symbols (5min)...
2026-02-11 12:11:33,226 [INFO]     NSE:MAXHEALTH-EQ | CVD=222386 vs Ref=245584 | Close=1046.15 vs VAH=1047.20
2026-02-11 12:11:33,615 [INFO]     NSE:FORTIS-EQ | CVD=182940 vs Ref=419281 | Close=922.35 vs VAH=928.95
2026-02-11 12:11:33,865 [INFO]     NSE:BPCL-EQ | CVD=-317812 vs Ref=72420 | Close=387.60 vs VAH=390.20
2026-02-11 12:12:33,867 [INFO] 🔍 Scanning for alerts on 3 symbols (5min)...
2026-02-11 12:12:34,435 [INFO]     NSE:MAXHEALTH-EQ | CVD=222386 vs Ref=245584 | Close=1046.15 vs VAH=1047.20
2026-02-11 12:12:34,807 [INFO]     NSE:FORTIS-EQ | CVD=182940 vs Ref=419281 | Close=922.35 vs VAH=928.95
2026-02-11 12:12:35,307 [INFO]     NSE:BPCL-EQ | CVD=-317812 vs Ref=72420 | Close=387.60 vs VAH=390.20
2026-02-11 12:13:36,791 [INFO] 🔍 Scanning for alerts on 3 symbols (5min)...
2026-02-11 12:13:37,051 [INFO]     NSE:MAXHEALTH-EQ | CVD=222386 vs Ref=245584 | Close=1046.15 vs VAH=1047.20
2026-02-11 12:13:37,285 [INFO]     NSE:FORTIS-EQ | CVD=182940 vs Ref=419281 | Close=922.35 vs VAH=928.95
2026-02-11 12:13:37,568 [INFO]     NSE:BPCL-EQ | CVD=-317812 vs Ref=72420 | Close=387.60 vs VAH=390.20
2026-02-11 12:14:37,569 [INFO] 🔍 Scanning for alerts on 3 symbols (5min)...
2026-02-11 12:14:37,828 [INFO]     NSE:MAXHEALTH-EQ | CVD=222386 vs Ref=245584 | Close=1046.15 vs VAH=1047.20
2026-02-11 12:14:38,118 [INFO]     NSE:FORTIS-EQ | CVD=182940 vs Ref=419281 | Close=922.35 vs VAH=928.95
2026-02-11 12:14:38,659 [INFO]     NSE:BPCL-EQ | CVD=-317812 vs Ref=72420 | Close=387.60 vs VAH=390.20
2026-02-11 12:15:40,346 [INFO] 🔍 Scanning for alerts on 3 symbols (5min)...
2026-02-11 12:15:40,811 [INFO]     NSE:MAXHEALTH-EQ | CVD=222386 vs Ref=245584 | Close=1046.15 vs VAH=1047.20
2026-02-11 12:15:41,254 [INFO]     NSE:FORTIS-EQ | CVD=182940 vs Ref=419281 | Close=922.35 vs VAH=928.95
2026-02-11 12:15:41,741 [INFO]     NSE:BPCL-EQ | CVD=-317812 vs Ref=72420 | Close=387.60 vs VAH=390.20
2026-02-11 12:16:41,744 [INFO] 🔍 Scanning for alerts on 3 symbols (5min)...
2026-02-11 12:16:41,965 [INFO]     NSE:MAXHEALTH-EQ | CVD=222386 vs Ref=245584 | Close=1046.15 vs VAH=1047.20
2026-02-11 12:16:42,335 [INFO]     NSE:FORTIS-EQ | CVD=182940 vs Ref=419281 | Close=922.35 vs VAH=928.95
2026-02-11 12:16:42,659 [INFO]     NSE:BPCL-EQ | CVD=-317812 vs Ref=72420 | Close=387.60 vs VAH=390.20
2026-02-11 12:17:42,661 [INFO] 🔍 Scanning for alerts on 3 symbols (5min)...
2026-02-11 12:17:42,919 [INFO]     NSE:MAXHEALTH-EQ | CVD=222386 vs Ref=245584 | Close=1046.15 vs VAH=1047.20
2026-02-11 12:17:43,208 [INFO]     NSE:FORTIS-EQ | CVD=182940 vs Ref=419281 | Close=922.35 vs VAH=928.95
2026-02-11 12:17:43,672 [INFO]     NSE:BPCL-EQ | CVD=-317812 vs Ref=72420 | Close=387.60 vs VAH=390.20
2026-02-11 12:18:45,210 [INFO] 🔍 Scanning for alerts on 3 symbols (5min)...
2026-02-11 12:18:46,076 [INFO]     NSE:MAXHEALTH-EQ | CVD=222386 vs Ref=245584 | Close=1046.15 vs VAH=1047.20
2026-02-11 12:18:46,598 [INFO]     NSE:FORTIS-EQ | CVD=182940 vs Ref=419281 | Close=922.35 vs VAH=928.95
2026-02-11 12:18:47,061 [INFO]     NSE:BPCL-EQ | CVD=-317812 vs Ref=72420 | Close=387.60 vs VAH=390.20
2026-02-11 12:19:47,074 [INFO] 🔍 Scanning for alerts on 3 symbols (5min)...
2026-02-11 12:19:48,054 [INFO]     NSE:MAXHEALTH-EQ | CVD=222386 vs Ref=245584 | Close=1046.15 vs VAH=1047.20
2026-02-11 12:19:48,489 [INFO]     NSE:FORTIS-EQ | CVD=182940 vs Ref=419281 | Close=922.35 vs VAH=928.95
2026-02-11 12:19:49,326 [INFO]     NSE:BPCL-EQ | CVD=-317812 vs Ref=72420 | Close=387.60 vs VAH=390.20
2026-02-11 12:20:49,328 [INFO] 🔍 Scanning for alerts on 3 symbols (5min)...
2026-02-11 12:20:50,396 [INFO]     NSE:MAXHEALTH-EQ | CVD=222386 vs Ref=245584 | Close=1046.15 vs VAH=1047.20
2026-02-11 12:20:51,924 [INFO]     NSE:FORTIS-EQ | CVD=182940 vs Ref=419281 | Close=922.35 vs VAH=928.95
2026-02-11 12:20:53,794 [INFO]     NSE:BPCL-EQ | CVD=-317812 vs Ref=72420 | Close=387.60 vs VAH=390.20
2026-02-11 12:21:53,806 [INFO] 🔍 Scanning for alerts on 3 symbols (5min)...
2026-02-11 12:21:54,989 [INFO]     NSE:MAXHEALTH-EQ | CVD=220407 vs Ref=245584 | Close=1046.00 vs VAH=1047.20
2026-02-11 12:21:56,200 [INFO]     NSE:FORTIS-EQ | CVD=175084 vs Ref=419281 | Close=921.75 vs VAH=928.95
2026-02-11 12:21:57,342 [INFO]     NSE:BPCL-EQ | CVD=-300987 vs Ref=72420 | Close=387.75 vs VAH=390.20
2026-02-11 12:22:57,344 [INFO] 🔍 Scanning for alerts on 3 symbols (5min)...
2026-02-11 12:22:58,331 [INFO]     NSE:MAXHEALTH-EQ | CVD=220407 vs Ref=245584 | Close=1046.00 vs VAH=1047.20
2026-02-11 12:22:59,131 [INFO]     NSE:FORTIS-EQ | CVD=175084 vs Ref=419281 | Close=921.75 vs VAH=928.95
2026-02-11 12:22:59,955 [INFO]     NSE:BPCL-EQ | CVD=-300987 vs Ref=72420 | Close=387.75 vs VAH=390.20
2026-02-11 12:23:59,958 [INFO] 🔍 Scanning for alerts on 3 symbols (5min)...
2026-02-11 12:24:00,626 [INFO]     NSE:MAXHEALTH-EQ | CVD=220407 vs Ref=245584 | Close=1046.00 vs VAH=1047.20
2026-02-11 12:24:01,708 [INFO]     NSE:FORTIS-EQ | CVD=175084 vs Ref=419281 | Close=921.75 vs VAH=928.95
2026-02-11 12:24:02,795 [INFO]     NSE:BPCL-EQ | CVD=-300987 vs Ref=72420 | Close=387.75 vs VAH=390.20
2026-02-11 12:25:02,973 [INFO] 🔍 Scanning for alerts on 3 symbols (5min)...
2026-02-11 12:25:03,945 [INFO]     NSE:MAXHEALTH-EQ | CVD=220407 vs Ref=245584 | Close=1046.00 vs VAH=1047.20
2026-02-11 12:25:04,967 [INFO]     NSE:FORTIS-EQ | CVD=175084 vs Ref=419281 | Close=921.75 vs VAH=928.95
2026-02-11 12:25:06,239 [INFO]     NSE:BPCL-EQ | CVD=-300987 vs Ref=72420 | Close=387.75 vs VAH=390.20
2026-02-11 12:26:06,250 [INFO] 🔍 Scanning for alerts on 3 symbols (5min)...
2026-02-11 12:26:08,126 [INFO]     NSE:MAXHEALTH-EQ | CVD=215887 vs Ref=245584 | Close=1046.50 vs VAH=1047.20
2026-02-11 12:26:09,533 [INFO]     NSE:FORTIS-EQ | CVD=175084 vs Ref=419281 | Close=921.75 vs VAH=928.95
2026-02-11 12:26:11,170 [INFO]     NSE:BPCL-EQ | CVD=-305519 vs Ref=72420 | Close=387.30 vs VAH=390.20
2026-02-11 12:27:11,270 [INFO] 🔍 Scanning for alerts on 3 symbols (5min)...
2026-02-11 12:27:13,225 [INFO]     NSE:MAXHEALTH-EQ | CVD=215887 vs Ref=245584 | Close=1046.50 vs VAH=1047.20
2026-02-11 12:27:14,363 [INFO]     NSE:FORTIS-EQ | CVD=193312 vs Ref=419281 | Close=923.10 vs VAH=928.95
2026-02-11 12:27:15,653 [INFO]     NSE:BPCL-EQ | CVD=-305519 vs Ref=72420 | Close=387.30 vs VAH=390.20
2026-02-11 12:28:15,655 [INFO] 🔍 Scanning for alerts on 3 symbols (5min)...
2026-02-11 12:28:16,188 [INFO]     NSE:MAXHEALTH-EQ | CVD=215887 vs Ref=245584 | Close=1046.50 vs VAH=1047.20
2026-02-11 12:28:16,804 [INFO]     NSE:FORTIS-EQ | CVD=193312 vs Ref=419281 | Close=923.10 vs VAH=928.95
2026-02-11 12:28:17,545 [INFO]     NSE:BPCL-EQ | CVD=-305519 vs Ref=72420 | Close=387.30 vs VAH=390.20
2026-02-11 12:29:17,595 [INFO] 🔍 Scanning for alerts on 3 symbols (5min)...
2026-02-11 12:29:19,735 [INFO]     NSE:MAXHEALTH-EQ | CVD=215887 vs Ref=245584 | Close=1046.50 vs VAH=1047.20
2026-02-11 12:29:21,624 [INFO]     NSE:FORTIS-EQ | CVD=193312 vs Ref=419281 | Close=923.10 vs VAH=928.95
2026-02-11 12:29:23,152 [INFO]     NSE:BPCL-EQ | CVD=-305519 vs Ref=72420 | Close=387.30 vs VAH=390.20
2026-02-11 12:30:23,287 [INFO] 🔍 Scanning for alerts on 3 symbols (5min)...
2026-02-11 12:30:26,226 [INFO]     NSE:MAXHEALTH-EQ | CVD=215887 vs Ref=245584 | Close=1046.50 vs VAH=1047.20
2026-02-11 12:30:28,222 [INFO]     NSE:FORTIS-EQ | CVD=193312 vs Ref=419281 | Close=923.10 vs VAH=928.95
2026-02-11 12:30:30,582 [INFO]     NSE:BPCL-EQ | CVD=-305519 vs Ref=72420 | Close=387.30 vs VAH=390.20
2026-02-11 12:31:30,615 [INFO] 🔍 Scanning for alerts on 3 symbols (5min)...
2026-02-11 12:31:33,770 [INFO]     NSE:MAXHEALTH-EQ | CVD=215887 vs Ref=245584 | Close=1046.50 vs VAH=1047.20
2026-02-11 12:31:37,144 [INFO]     NSE:FORTIS-EQ | CVD=193312 vs Ref=419281 | Close=923.10 vs VAH=928.95
2026-02-11 12:31:40,105 [INFO]     NSE:BPCL-EQ | CVD=-305519 vs Ref=72420 | Close=387.30 vs VAH=390.20
2026-02-11 12:32:40,263 [INFO] 🔍 Scanning for alerts on 3 symbols (5min)...
2026-02-11 12:32:46,168 [INFO]     NSE:MAXHEALTH-EQ | CVD=215887 vs Ref=245584 | Close=1046.50 vs VAH=1047.20
2026-02-11 12:32:53,595 [INFO]     NSE:FORTIS-EQ | CVD=193312 vs Ref=419281 | Close=923.10 vs VAH=928.95
2026-02-11 12:32:59,382 [INFO]     NSE:BPCL-EQ | CVD=-305519 vs Ref=72420 | Close=387.30 vs VAH=390.20
2026-02-11 12:33:59,498 [INFO] 🔍 Scanning for alerts on 3 symbols (5min)...
2026-02-11 12:34:03,273 [INFO]     NSE:MAXHEALTH-EQ | CVD=215887 vs Ref=245584 | Close=1046.50 vs VAH=1047.20
2026-02-11 12:34:06,936 [INFO]     NSE:FORTIS-EQ | CVD=193312 vs Ref=419281 | Close=923.10 vs VAH=928.95
2026-02-11 12:34:10,731 [INFO]     NSE:BPCL-EQ | CVD=-305519 vs Ref=72420 | Close=387.30 vs VAH=390.20
2026-02-11 12:35:11,223 [INFO] 🔍 Scanning for alerts on 3 symbols (5min)...
2026-02-11 12:35:14,413 [INFO]     NSE:MAXHEALTH-EQ | CVD=215887 vs Ref=245584 | Close=1046.50 vs VAH=1047.20
2026-02-11 12:35:18,466 [INFO]     NSE:FORTIS-EQ | CVD=193312 vs Ref=419281 | Close=923.10 vs VAH=928.95
2026-02-11 12:35:21,339 [INFO]     NSE:BPCL-EQ | CVD=-305519 vs Ref=72420 | Close=387.30 vs VAH=390.20
2026-02-11 12:36:21,487 [INFO] 🔍 Scanning for alerts on 3 symbols (5min)...
2026-02-11 12:36:24,763 [INFO]     NSE:MAXHEALTH-EQ | CVD=215887 vs Ref=245584 | Close=1046.50 vs VAH=1047.20
2026-02-11 12:36:28,966 [INFO]     NSE:FORTIS-EQ | CVD=193312 vs Ref=419281 | Close=923.10 vs VAH=928.95
2026-02-11 12:36:34,268 [INFO]     NSE:BPCL-EQ | CVD=-305519 vs Ref=72420 | Close=387.30 vs VAH=390.20
2026-02-11 12:37:34,425 [INFO] 🔍 Scanning for alerts on 3 symbols (5min)...
2026-02-11 12:37:39,807 [INFO]     NSE:MAXHEALTH-EQ | CVD=215887 vs Ref=245584 | Close=1046.50 vs VAH=1047.20
2026-02-11 12:37:43,681 [INFO]     NSE:FORTIS-EQ | CVD=193312 vs Ref=419281 | Close=923.10 vs VAH=928.95
2026-02-11 12:37:47,405 [INFO]     NSE:BPCL-EQ | CVD=-305519 vs Ref=72420 | Close=387.30 vs VAH=390.20
2026-02-11 12:38:47,580 [INFO] 🔍 Scanning for alerts on 3 symbols (5min)...
2026-02-11 12:38:54,020 [INFO]     NSE:MAXHEALTH-EQ | CVD=215887 vs Ref=245584 | Close=1046.50 vs VAH=1047.20
2026-02-11 12:38:58,755 [INFO]     NSE:FORTIS-EQ | CVD=193312 vs Ref=419281 | Close=923.10 vs VAH=928.95
2026-02-11 12:39:02,753 [INFO]     NSE:BPCL-EQ | CVD=-305519 vs Ref=72420 | Close=387.30 vs VAH=390.20
2026-02-11 12:40:02,844 [INFO] 🔍 Scanning for alerts on 3 symbols (5min)...
2026-02-11 12:40:10,023 [INFO]     NSE:MAXHEALTH-EQ | CVD=215887 vs Ref=245584 | Close=1046.50 vs VAH=1047.20
2026-02-11 12:40:17,093 [INFO]     NSE:FORTIS-EQ | CVD=193312 vs Ref=419281 | Close=923.10 vs VAH=928.95
2026-02-11 12:40:21,750 [INFO]     NSE:BPCL-EQ | CVD=-305519 vs Ref=72420 | Close=387.30 vs VAH=390.20
2026-02-11 12:41:21,930 [INFO] 🔍 Scanning for alerts on 3 symbols (5min)...
2026-02-11 12:41:27,512 [INFO]     NSE:MAXHEALTH-EQ | CVD=229265 vs Ref=245584 | Close=1047.60 vs VAH=1047.20
2026-02-11 12:41:32,856 [INFO]     NSE:FORTIS-EQ | CVD=193312 vs Ref=419281 | Close=923.10 vs VAH=928.95
2026-02-11 12:41:39,114 [INFO]     NSE:BPCL-EQ | CVD=-305519 vs Ref=72420 | Close=387.30 vs VAH=390.20
2026-02-11 12:42:39,348 [INFO] 🔍 Scanning for alerts on 3 symbols (5min)...
2026-02-11 12:42:42,860 [INFO]     NSE:MAXHEALTH-EQ | CVD=229265 vs Ref=245584 | Close=1047.60 vs VAH=1047.20
2026-02-11 12:42:46,706 [INFO]     NSE:FORTIS-EQ | CVD=193312 vs Ref=419281 | Close=923.10 vs VAH=928.95
2026-02-11 12:42:51,028 [INFO]     NSE:BPCL-EQ | CVD=-320427 vs Ref=72420 | Close=387.45 vs VAH=390.20
2026-02-11 12:43:51,371 [INFO] 🔍 Scanning for alerts on 3 symbols (5min)...
2026-02-11 12:43:55,577 [INFO]     NSE:MAXHEALTH-EQ | CVD=229265 vs Ref=245584 | Close=1047.60 vs VAH=1047.20
2026-02-11 12:43:59,434 [INFO]     NSE:FORTIS-EQ | CVD=212908 vs Ref=419281 | Close=924.85 vs VAH=928.95
2026-02-11 12:44:03,111 [INFO]     NSE:BPCL-EQ | CVD=-320427 vs Ref=72420 | Close=387.45 vs VAH=390.20
2026-02-11 12:45:03,359 [INFO] 🔍 Scanning for alerts on 3 symbols (5min)...
2026-02-11 12:45:07,674 [INFO]     NSE:MAXHEALTH-EQ | CVD=229265 vs Ref=245584 | Close=1047.60 vs VAH=1047.20
2026-02-11 12:45:12,058 [INFO]     NSE:FORTIS-EQ | CVD=212908 vs Ref=419281 | Close=924.85 vs VAH=928.95
2026-02-11 12:45:15,601 [INFO]     NSE:BPCL-EQ | CVD=-320427 vs Ref=72420 | Close=387.45 vs VAH=390.20
2026-02-11 12:46:15,921 [INFO] 🔍 Scanning for alerts on 3 symbols (5min)...
2026-02-11 12:46:21,814 [INFO]     NSE:MAXHEALTH-EQ | CVD=229265 vs Ref=245584 | Close=1047.60 vs VAH=1047.20
2026-02-11 12:46:25,682 [INFO]     NSE:FORTIS-EQ | CVD=212908 vs Ref=419281 | Close=924.85 vs VAH=928.95
2026-02-11 12:46:29,541 [INFO]     NSE:BPCL-EQ | CVD=-320427 vs Ref=72420 | Close=387.45 vs VAH=390.20
2026-02-11 12:47:29,764 [INFO] 🔍 Scanning for alerts on 3 symbols (5min)...
2026-02-11 12:47:35,011 [INFO]     NSE:MAXHEALTH-EQ | CVD=229265 vs Ref=245584 | Close=1047.60 vs VAH=1047.20
2026-02-11 12:47:38,566 [INFO]     NSE:FORTIS-EQ | CVD=219578 vs Ref=419281 | Close=925.00 vs VAH=928.95
2026-02-11 12:47:42,668 [INFO]     NSE:BPCL-EQ | CVD=-320427 vs Ref=72420 | Close=387.45 vs VAH=390.20
2026-02-11 12:48:43,149 [INFO] 🔍 Scanning for alerts on 3 symbols (5min)...
2026-02-11 12:48:49,945 [INFO] 📡 Sending order request for NSE:MAXHEALTH-EQ to http://localhost:4000/postOrder...
2026-02-11 12:48:53,021 [INFO] 📩 Server Response: 200 - {"message":"Order execution triggered","status":"success","receivedData":{"ticker":"NSE:MAXHEALTH-EQ","action":"BUY","close":1048.55}}
2026-02-11 12:48:53,110 [INFO]     NSE:MAXHEALTH-EQ | CVD=266012 vs Ref=245584 | Close=1048.55 vs VAH=1047.20
2026-02-11 12:48:56,658 [INFO]     NSE:FORTIS-EQ | CVD=219578 vs Ref=419281 | Close=925.00 vs VAH=928.95
2026-02-11 12:49:01,472 [INFO]     NSE:BPCL-EQ | CVD=-320427 vs Ref=72420 | Close=387.45 vs VAH=390.20
2026-02-11 12:50:01,655 [INFO] 🔍 Scanning for alerts on 2 symbols (5min)...
2026-02-11 12:50:09,056 [INFO]     NSE:FORTIS-EQ | CVD=219578 vs Ref=419281 | Close=925.00 vs VAH=928.95
2026-02-11 12:50:17,037 [INFO]     NSE:BPCL-EQ | CVD=-320427 vs Ref=72420 | Close=387.45 vs VAH=390.20
2026-02-11 12:51:17,402 [INFO] 🔍 Scanning for alerts on 2 symbols (5min)...
2026-02-11 12:51:25,147 [INFO]     NSE:FORTIS-EQ | CVD=219578 vs Ref=419281 | Close=925.00 vs VAH=928.95
2026-02-11 12:51:32,692 [INFO]     NSE:BPCL-EQ | CVD=-322132 vs Ref=72420 | Close=387.40 vs VAH=390.20
2026-02-11 12:52:33,276 [INFO] 🔍 Scanning for alerts on 2 symbols (5min)...
2026-02-11 12:52:40,050 [INFO]     NSE:FORTIS-EQ | CVD=219578 vs Ref=419281 | Close=925.00 vs VAH=928.95
2026-02-11 12:52:47,308 [INFO]     NSE:BPCL-EQ | CVD=-322132 vs Ref=72420 | Close=387.40 vs VAH=390.20
2026-02-11 12:53:47,512 [INFO] 🔍 Scanning for alerts on 2 symbols (5min)...
2026-02-11 12:53:53,490 [INFO]     NSE:FORTIS-EQ | CVD=219578 vs Ref=419281 | Close=925.00 vs VAH=928.95
2026-02-11 12:53:59,236 [INFO]     NSE:BPCL-EQ | CVD=-322132 vs Ref=72420 | Close=387.40 vs VAH=390.20
2026-02-11 12:54:59,508 [INFO] 🔍 Scanning for alerts on 2 symbols (5min)...
2026-02-11 12:55:04,641 [INFO]     NSE:FORTIS-EQ | CVD=219578 vs Ref=419281 | Close=925.00 vs VAH=928.95
2026-02-11 12:55:09,847 [INFO]     NSE:BPCL-EQ | CVD=-247234 vs Ref=72420 | Close=387.80 vs VAH=390.20
2026-02-11 12:56:10,105 [INFO] 🔍 Scanning for alerts on 2 symbols (5min)...
2026-02-11 12:56:16,344 [INFO]     NSE:FORTIS-EQ | CVD=185158 vs Ref=419281 | Close=918.60 vs VAH=928.95
2026-02-11 12:56:23,494 [INFO]     NSE:BPCL-EQ | CVD=-247234 vs Ref=72420 | Close=387.80 vs VAH=390.20
2026-02-11 12:57:23,712 [INFO] 🔍 Scanning for alerts on 2 symbols (5min)...
2026-02-11 12:57:30,243 [INFO]     NSE:FORTIS-EQ | CVD=185158 vs Ref=419281 | Close=918.60 vs VAH=928.95
2026-02-11 12:57:38,391 [INFO]     NSE:BPCL-EQ | CVD=-247234 vs Ref=72420 | Close=387.80 vs VAH=390.20
2026-02-11 12:58:38,616 [INFO] 🔍 Scanning for alerts on 2 symbols (5min)...
2026-02-11 12:58:43,123 [INFO]     NSE:FORTIS-EQ | CVD=185158 vs Ref=419281 | Close=918.60 vs VAH=928.95
2026-02-11 12:58:47,771 [INFO]     NSE:BPCL-EQ | CVD=-247234 vs Ref=72420 | Close=387.80 vs VAH=390.20
2026-02-11 12:59:48,059 [INFO] 🔍 Scanning for alerts on 2 symbols (5min)...
2026-02-11 12:59:56,025 [INFO]     NSE:FORTIS-EQ | CVD=185158 vs Ref=419281 | Close=918.60 vs VAH=928.95
2026-02-11 13:00:01,070 [INFO]     NSE:BPCL-EQ | CVD=-247234 vs Ref=72420 | Close=387.80 vs VAH=390.20
2026-02-11 13:01:01,412 [INFO] 🔍 Scanning for alerts on 2 symbols (5min)...
2026-02-11 13:01:06,607 [INFO]     NSE:FORTIS-EQ | CVD=185158 vs Ref=419281 | Close=918.60 vs VAH=928.95
2026-02-11 13:01:11,057 [INFO]     NSE:BPCL-EQ | CVD=-247234 vs Ref=72420 | Close=387.80 vs VAH=390.20
2026-02-11 13:02:11,239 [INFO] 🔍 Scanning for alerts on 2 symbols (5min)...
2026-02-11 13:02:14,867 [INFO]     NSE:FORTIS-EQ | CVD=185158 vs Ref=419281 | Close=918.60 vs VAH=928.95
2026-02-11 13:02:21,248 [INFO]     NSE:BPCL-EQ | CVD=-247234 vs Ref=72420 | Close=387.80 vs VAH=390.20
2026-02-11 13:03:21,411 [INFO] 🔍 Scanning for alerts on 2 symbols (5min)...
2026-02-11 13:03:22,095 [INFO]     NSE:FORTIS-EQ | CVD=187142 vs Ref=419281 | Close=918.95 vs VAH=928.95
2026-02-11 13:03:22,828 [INFO]     NSE:BPCL-EQ | CVD=-253308 vs Ref=72420 | Close=387.70 vs VAH=390.20
2026-02-11 13:04:22,833 [INFO] 🔍 Scanning for alerts on 2 symbols (5min)...
2026-02-11 13:04:23,111 [INFO]     NSE:FORTIS-EQ | CVD=187142 vs Ref=419281 | Close=918.95 vs VAH=928.95
2026-02-11 13:04:23,538 [INFO]     NSE:BPCL-EQ | CVD=-253308 vs Ref=72420 | Close=387.70 vs VAH=390.20
2026-02-11 13:05:23,540 [INFO] 🔍 Scanning for alerts on 2 symbols (5min)...
2026-02-11 13:05:23,994 [INFO]     NSE:FORTIS-EQ | CVD=187142 vs Ref=419281 | Close=918.95 vs VAH=928.95
2026-02-11 13:05:24,884 [INFO]     NSE:BPCL-EQ | CVD=-253308 vs Ref=72420 | Close=387.70 vs VAH=390.20
2026-02-11 13:06:24,887 [INFO] 🔍 Scanning for alerts on 2 symbols (5min)...
2026-02-11 13:06:25,352 [INFO]     NSE:FORTIS-EQ | CVD=186403 vs Ref=419281 | Close=919.80 vs VAH=928.95
2026-02-11 13:06:25,860 [INFO]     NSE:BPCL-EQ | CVD=-259138 vs Ref=72420 | Close=387.20 vs VAH=390.20
2026-02-11 13:07:25,907 [INFO] 🔍 Scanning for alerts on 2 symbols (5min)...
2026-02-11 13:07:27,289 [INFO]     NSE:FORTIS-EQ | CVD=186403 vs Ref=419281 | Close=919.80 vs VAH=928.95
2026-02-11 13:07:28,637 [INFO]     NSE:BPCL-EQ | CVD=-259138 vs Ref=72420 | Close=387.20 vs VAH=390.20
2026-02-11 13:08:28,650 [INFO] 🔍 Scanning for alerts on 2 symbols (5min)...
2026-02-11 13:08:28,945 [INFO]     NSE:FORTIS-EQ | CVD=186403 vs Ref=419281 | Close=919.80 vs VAH=928.95
2026-02-11 13:08:29,448 [INFO]     NSE:BPCL-EQ | CVD=-259138 vs Ref=72420 | Close=387.20 vs VAH=390.20
2026-02-11 13:09:29,450 [INFO] 🔍 Scanning for alerts on 2 symbols (5min)...
2026-02-11 13:09:30,863 [INFO]     NSE:FORTIS-EQ | CVD=186403 vs Ref=419281 | Close=919.80 vs VAH=928.95
2026-02-11 13:09:32,041 [INFO]     NSE:BPCL-EQ | CVD=-259138 vs Ref=72420 | Close=387.20 vs VAH=390.20
2026-02-11 13:10:32,043 [INFO] 🔍 Scanning for alerts on 2 symbols (5min)...
2026-02-11 13:10:32,839 [INFO]     NSE:FORTIS-EQ | CVD=186403 vs Ref=419281 | Close=919.80 vs VAH=928.95
2026-02-11 13:10:33,676 [INFO]     NSE:BPCL-EQ | CVD=-259138 vs Ref=72420 | Close=387.20 vs VAH=390.20
2026-02-11 13:11:33,681 [INFO] 🔍 Scanning for alerts on 2 symbols (5min)...
2026-02-11 13:11:34,882 [INFO]     NSE:FORTIS-EQ | CVD=187892 vs Ref=419281 | Close=920.05 vs VAH=928.95
2026-02-11 13:11:36,123 [INFO]     NSE:BPCL-EQ | CVD=-236169 vs Ref=72420 | Close=387.50 vs VAH=390.20
2026-02-11 13:12:36,146 [INFO] 🔍 Scanning for alerts on 2 symbols (5min)...
2026-02-11 13:12:37,395 [INFO]     NSE:FORTIS-EQ | CVD=187892 vs Ref=419281 | Close=920.05 vs VAH=928.95
2026-02-11 13:12:38,395 [INFO]     NSE:BPCL-EQ | CVD=-236169 vs Ref=72420 | Close=387.50 vs VAH=390.20
2026-02-11 13:13:38,397 [INFO] 🔍 Scanning for alerts on 2 symbols (5min)...
2026-02-11 13:13:38,676 [INFO]     NSE:FORTIS-EQ | CVD=187892 vs Ref=419281 | Close=920.05 vs VAH=928.95
2026-02-11 13:13:39,251 [INFO]     NSE:BPCL-EQ | CVD=-236169 vs Ref=72420 | Close=387.50 vs VAH=390.20
2026-02-11 13:14:39,254 [INFO] 🔍 Scanning for alerts on 2 symbols (5min)...
2026-02-11 13:14:39,553 [INFO]     NSE:FORTIS-EQ | CVD=187892 vs Ref=419281 | Close=920.05 vs VAH=928.95
2026-02-11 13:14:40,350 [INFO]     NSE:BPCL-EQ | CVD=-236169 vs Ref=72420 | Close=387.50 vs VAH=390.20
2026-02-11 13:15:40,355 [INFO] 🔍 Scanning for alerts on 2 symbols (5min)...
2026-02-11 13:15:41,594 [INFO]     NSE:FORTIS-EQ | CVD=187892 vs Ref=419281 | Close=920.05 vs VAH=928.95
2026-02-11 13:15:42,254 [INFO]     NSE:BPCL-EQ | CVD=-236169 vs Ref=72420 | Close=387.50 vs VAH=390.20
2026-02-11 13:16:42,273 [INFO] 🔍 Scanning for alerts on 2 symbols (5min)...
2026-02-11 13:16:42,963 [INFO]     NSE:FORTIS-EQ | CVD=184894 vs Ref=419281 | Close=919.15 vs VAH=928.95
2026-02-11 13:16:43,635 [INFO]     NSE:BPCL-EQ | CVD=-235063 vs Ref=72420 | Close=387.25 vs VAH=390.20
2026-02-11 13:17:43,637 [INFO] 🔍 Scanning for alerts on 2 symbols (5min)...
2026-02-11 13:17:44,432 [INFO]     NSE:FORTIS-EQ | CVD=184894 vs Ref=419281 | Close=919.15 vs VAH=928.95
2026-02-11 13:17:45,148 [INFO]     NSE:BPCL-EQ | CVD=-235063 vs Ref=72420 | Close=387.25 vs VAH=390.20
2026-02-11 13:18:45,152 [INFO] 🔍 Scanning for alerts on 2 symbols (5min)...
2026-02-11 13:18:45,567 [INFO]     NSE:FORTIS-EQ | CVD=184894 vs Ref=419281 | Close=919.15 vs VAH=928.95
2026-02-11 13:18:45,943 [INFO]     NSE:BPCL-EQ | CVD=-235063 vs Ref=72420 | Close=387.25 vs VAH=390.20
2026-02-11 13:19:45,945 [INFO] 🔍 Scanning for alerts on 2 symbols (5min)...
2026-02-11 13:19:46,226 [INFO]     NSE:FORTIS-EQ | CVD=184894 vs Ref=419281 | Close=919.15 vs VAH=928.95
2026-02-11 13:19:46,699 [INFO]     NSE:BPCL-EQ | CVD=-235063 vs Ref=72420 | Close=387.25 vs VAH=390.20
2026-02-11 13:20:46,701 [INFO] 🔍 Scanning for alerts on 2 symbols (5min)...
2026-02-11 13:20:47,024 [INFO]     NSE:FORTIS-EQ | CVD=184894 vs Ref=419281 | Close=919.15 vs VAH=928.95
2026-02-11 13:20:47,515 [INFO]     NSE:BPCL-EQ | CVD=-235063 vs Ref=72420 | Close=387.25 vs VAH=390.20
2026-02-11 13:21:47,518 [INFO] 🔍 Scanning for alerts on 2 symbols (5min)...
2026-02-11 13:21:47,785 [INFO]     NSE:FORTIS-EQ | CVD=190957 vs Ref=419281 | Close=919.75 vs VAH=928.95
2026-02-11 13:21:48,074 [INFO]     NSE:BPCL-EQ | CVD=-331239 vs Ref=72420 | Close=386.10 vs VAH=390.20
2026-02-11 13:22:48,076 [INFO] 🔍 Scanning for alerts on 2 symbols (5min)...
2026-02-11 13:22:48,876 [INFO]     NSE:FORTIS-EQ | CVD=190957 vs Ref=419281 | Close=919.75 vs VAH=928.95
2026-02-11 13:22:49,330 [INFO]     NSE:BPCL-EQ | CVD=-331239 vs Ref=72420 | Close=386.10 vs VAH=390.20
2026-02-11 13:23:49,332 [INFO] 🔍 Scanning for alerts on 2 symbols (5min)...
2026-02-11 13:23:49,940 [INFO]     NSE:FORTIS-EQ | CVD=190957 vs Ref=419281 | Close=919.75 vs VAH=928.95
2026-02-11 13:23:50,554 [INFO]     NSE:BPCL-EQ | CVD=-331239 vs Ref=72420 | Close=386.10 vs VAH=390.20
2026-02-11 13:24:52,067 [INFO] 🔍 Scanning for alerts on 2 symbols (5min)...
2026-02-11 13:24:52,327 [INFO]     NSE:FORTIS-EQ | CVD=190957 vs Ref=419281 | Close=919.75 vs VAH=928.95
2026-02-11 13:24:52,760 [INFO]     NSE:BPCL-EQ | CVD=-331239 vs Ref=72420 | Close=386.10 vs VAH=390.20
2026-02-11 13:25:52,763 [INFO] 🔍 Scanning for alerts on 2 symbols (5min)...
2026-02-11 13:25:53,172 [INFO]     NSE:FORTIS-EQ | CVD=190957 vs Ref=419281 | Close=919.75 vs VAH=928.95
2026-02-11 13:25:53,644 [INFO]     NSE:BPCL-EQ | CVD=-331239 vs Ref=72420 | Close=386.10 vs VAH=390.20
2026-02-11 13:26:53,646 [INFO] 🔍 Scanning for alerts on 2 symbols (5min)...
2026-02-11 13:26:53,875 [INFO]     NSE:FORTIS-EQ | CVD=202492 vs Ref=419281 | Close=922.30 vs VAH=928.95
2026-02-11 13:26:54,200 [INFO]     NSE:BPCL-EQ | CVD=-318611 vs Ref=72420 | Close=386.45 vs VAH=390.20
2026-02-11 13:27:54,203 [INFO] 🔍 Scanning for alerts on 2 symbols (5min)...
2026-02-11 13:27:54,426 [INFO]     NSE:FORTIS-EQ | CVD=202492 vs Ref=419281 | Close=922.30 vs VAH=928.95
2026-02-11 13:27:54,686 [INFO]     NSE:BPCL-EQ | CVD=-318611 vs Ref=72420 | Close=386.45 vs VAH=390.20
2026-02-11 13:28:54,688 [INFO] 🔍 Scanning for alerts on 2 symbols (5min)...
2026-02-11 13:28:54,906 [INFO]     NSE:FORTIS-EQ | CVD=202492 vs Ref=419281 | Close=922.30 vs VAH=928.95
2026-02-11 13:28:55,110 [INFO]     NSE:BPCL-EQ | CVD=-318611 vs Ref=72420 | Close=386.45 vs VAH=390.20
2026-02-11 13:29:55,112 [INFO] 🔍 Scanning for alerts on 2 symbols (5min)...
2026-02-11 13:29:55,308 [INFO]     NSE:FORTIS-EQ | CVD=202492 vs Ref=419281 | Close=922.30 vs VAH=928.95
2026-02-11 13:29:55,514 [INFO]     NSE:BPCL-EQ | CVD=-318611 vs Ref=72420 | Close=386.45 vs VAH=390.20
2026-02-11 13:30:55,515 [INFO] 🔍 Scanning for alerts on 2 symbols (5min)...
2026-02-11 13:30:55,709 [INFO]     NSE:FORTIS-EQ | CVD=202492 vs Ref=419281 | Close=922.30 vs VAH=928.95
2026-02-11 13:30:55,921 [INFO]     NSE:BPCL-EQ | CVD=-318611 vs Ref=72420 | Close=386.45 vs VAH=390.20
2026-02-11 13:31:55,922 [INFO] 🔍 Scanning for alerts on 2 symbols (5min)...
2026-02-11 13:31:56,125 [INFO]     NSE:FORTIS-EQ | CVD=198580 vs Ref=419281 | Close=922.70 vs VAH=928.95
2026-02-11 13:31:56,335 [INFO]     NSE:BPCL-EQ | CVD=-305295 vs Ref=72420 | Close=386.95 vs VAH=390.20
2026-02-11 13:32:56,337 [INFO] 🔍 Scanning for alerts on 2 symbols (5min)...
2026-02-11 13:32:56,528 [INFO]     NSE:FORTIS-EQ | CVD=198580 vs Ref=419281 | Close=922.70 vs VAH=928.95
2026-02-11 13:32:56,777 [INFO]     NSE:BPCL-EQ | CVD=-305295 vs Ref=72420 | Close=386.95 vs VAH=390.20
2026-02-11 13:33:56,778 [INFO] 🔍 Scanning for alerts on 2 symbols (5min)...
2026-02-11 13:33:56,972 [INFO]     NSE:FORTIS-EQ | CVD=198580 vs Ref=419281 | Close=922.70 vs VAH=928.95
2026-02-11 13:33:57,181 [INFO]     NSE:BPCL-EQ | CVD=-305295 vs Ref=72420 | Close=386.95 vs VAH=390.20
2026-02-11 13:34:57,183 [INFO] 🔍 Scanning for alerts on 2 symbols (5min)...
2026-02-11 13:34:57,376 [INFO]     NSE:FORTIS-EQ | CVD=198580 vs Ref=419281 | Close=922.70 vs VAH=928.95
2026-02-11 13:34:57,577 [INFO]     NSE:BPCL-EQ | CVD=-305295 vs Ref=72420 | Close=386.95 vs VAH=390.20
2026-02-11 13:35:57,578 [INFO] 🔍 Scanning for alerts on 2 symbols (5min)...
2026-02-11 13:35:57,778 [INFO]     NSE:FORTIS-EQ | CVD=198580 vs Ref=419281 | Close=922.70 vs VAH=928.95
2026-02-11 13:35:58,002 [INFO]     NSE:BPCL-EQ | CVD=-305295 vs Ref=72420 | Close=386.95 vs VAH=390.20
2026-02-11 13:36:58,004 [INFO] 🔍 Scanning for alerts on 2 symbols (5min)...
2026-02-11 13:36:58,224 [INFO]     NSE:FORTIS-EQ | CVD=198740 vs Ref=419281 | Close=922.90 vs VAH=928.95
2026-02-11 13:36:58,439 [INFO]     NSE:BPCL-EQ | CVD=-294764 vs Ref=72420 | Close=386.95 vs VAH=390.20
2026-02-11 13:37:58,441 [INFO] 🔍 Scanning for alerts on 2 symbols (5min)...
2026-02-11 13:37:58,641 [INFO]     NSE:FORTIS-EQ | CVD=198740 vs Ref=419281 | Close=922.90 vs VAH=928.95
2026-02-11 13:37:58,888 [INFO]     NSE:BPCL-EQ | CVD=-294764 vs Ref=72420 | Close=386.95 vs VAH=390.20
2026-02-11 13:38:58,890 [INFO] 🔍 Scanning for alerts on 2 symbols (5min)...
2026-02-11 13:38:59,108 [INFO]     NSE:FORTIS-EQ | CVD=198740 vs Ref=419281 | Close=922.90 vs VAH=928.95
2026-02-11 13:38:59,340 [INFO]     NSE:BPCL-EQ | CVD=-294764 vs Ref=72420 | Close=386.95 vs VAH=390.20
2026-02-11 13:39:59,341 [INFO] 🔍 Scanning for alerts on 2 symbols (5min)...
2026-02-11 13:39:59,882 [INFO]     NSE:FORTIS-EQ | CVD=198740 vs Ref=419281 | Close=922.90 vs VAH=928.95
2026-02-11 13:40:01,283 [INFO]     NSE:BPCL-EQ | CVD=-294764 vs Ref=72420 | Close=386.95 vs VAH=390.20
2026-02-11 13:41:01,319 [INFO] 🔍 Scanning for alerts on 2 symbols (5min)...
2026-02-11 13:41:04,436 [INFO]     NSE:FORTIS-EQ | CVD=198740 vs Ref=419281 | Close=922.90 vs VAH=928.95
2026-02-11 13:41:05,855 [INFO]     NSE:BPCL-EQ | CVD=-294764 vs Ref=72420 | Close=386.95 vs VAH=390.20
2026-02-11 13:42:05,857 [INFO] 🔍 Scanning for alerts on 2 symbols (5min)...
2026-02-11 13:42:07,950 [INFO]     NSE:FORTIS-EQ | CVD=189378 vs Ref=419281 | Close=921.30 vs VAH=928.95
2026-02-11 13:42:08,731 [INFO]     NSE:BPCL-EQ | CVD=-261152 vs Ref=72420 | Close=386.95 vs VAH=390.20
2026-02-11 13:43:08,747 [INFO] 🔍 Scanning for alerts on 2 symbols (5min)...
2026-02-11 13:43:09,586 [INFO]     NSE:FORTIS-EQ | CVD=189378 vs Ref=419281 | Close=921.30 vs VAH=928.95
2026-02-11 13:43:10,361 [INFO]     NSE:BPCL-EQ | CVD=-261152 vs Ref=72420 | Close=386.95 vs VAH=390.20
2026-02-11 13:44:10,363 [INFO] 🔍 Scanning for alerts on 2 symbols (5min)...
2026-02-11 13:44:10,599 [INFO]     NSE:FORTIS-EQ | CVD=189378 vs Ref=419281 | Close=921.30 vs VAH=928.95
2026-02-11 13:44:10,868 [INFO]     NSE:BPCL-EQ | CVD=-261152 vs Ref=72420 | Close=386.95 vs VAH=390.20
2026-02-11 13:45:10,918 [INFO] 🔍 Scanning for alerts on 2 symbols (5min)...
2026-02-11 13:45:14,777 [INFO]     NSE:FORTIS-EQ | CVD=189378 vs Ref=419281 | Close=921.30 vs VAH=928.95
2026-02-11 13:45:17,182 [INFO]     NSE:BPCL-EQ | CVD=-261152 vs Ref=72420 | Close=386.95 vs VAH=390.20
2026-02-11 13:46:17,199 [INFO] 🔍 Scanning for alerts on 2 symbols (5min)...
2026-02-11 13:46:21,033 [INFO]     NSE:FORTIS-EQ | CVD=191837 vs Ref=419281 | Close=921.75 vs VAH=928.95
2026-02-11 13:46:24,399 [INFO]     NSE:BPCL-EQ | CVD=-267764 vs Ref=72420 | Close=386.90 vs VAH=390.20
2026-02-11 13:47:24,575 [INFO] 🔍 Scanning for alerts on 2 symbols (5min)...
2026-02-11 13:47:27,188 [INFO]     NSE:FORTIS-EQ | CVD=191837 vs Ref=419281 | Close=921.75 vs VAH=928.95
2026-02-11 13:47:29,688 [INFO]     NSE:BPCL-EQ | CVD=-267764 vs Ref=72420 | Close=386.90 vs VAH=390.20
2026-02-11 13:48:29,694 [INFO] 🔍 Scanning for alerts on 2 symbols (5min)...
2026-02-11 13:48:32,214 [INFO]     NSE:FORTIS-EQ | CVD=191837 vs Ref=419281 | Close=921.75 vs VAH=928.95
2026-02-11 13:48:34,185 [INFO]     NSE:BPCL-EQ | CVD=-267764 vs Ref=72420 | Close=386.90 vs VAH=390.20
2026-02-11 13:49:34,188 [INFO] 🔍 Scanning for alerts on 2 symbols (5min)...
2026-02-11 13:49:37,848 [INFO]     NSE:FORTIS-EQ | CVD=191837 vs Ref=419281 | Close=921.75 vs VAH=928.95
2026-02-11 13:49:40,334 [INFO]     NSE:BPCL-EQ | CVD=-267764 vs Ref=72420 | Close=386.90 vs VAH=390.20
2026-02-11 13:50:40,340 [INFO] 🔍 Scanning for alerts on 2 symbols (5min)...
2026-02-11 13:50:41,960 [INFO]     NSE:FORTIS-EQ | CVD=191837 vs Ref=419281 | Close=921.75 vs VAH=928.95
2026-02-11 13:50:43,372 [INFO]     NSE:BPCL-EQ | CVD=-267764 vs Ref=72420 | Close=386.90 vs VAH=390.20
2026-02-11 13:51:43,377 [INFO] 🔍 Scanning for alerts on 2 symbols (5min)...
2026-02-11 13:51:45,124 [INFO]     NSE:FORTIS-EQ | CVD=187323 vs Ref=419281 | Close=920.85 vs VAH=928.95
2026-02-11 13:51:46,546 [INFO]     NSE:BPCL-EQ | CVD=-256060 vs Ref=72420 | Close=386.40 vs VAH=390.20
2026-02-11 13:52:46,551 [INFO] 🔍 Scanning for alerts on 2 symbols (5min)...
2026-02-11 13:52:48,130 [INFO]     NSE:FORTIS-EQ | CVD=187323 vs Ref=419281 | Close=920.85 vs VAH=928.95
2026-02-11 13:52:50,150 [INFO]     NSE:BPCL-EQ | CVD=-256060 vs Ref=72420 | Close=386.40 vs VAH=390.20
2026-02-11 13:53:50,155 [INFO] 🔍 Scanning for alerts on 2 symbols (5min)...
2026-02-11 13:53:51,678 [INFO]     NSE:FORTIS-EQ | CVD=187323 vs Ref=419281 | Close=920.85 vs VAH=928.95
2026-02-11 13:53:53,290 [INFO]     NSE:BPCL-EQ | CVD=-256060 vs Ref=72420 | Close=386.40 vs VAH=390.20
2026-02-11 13:54:53,295 [INFO] 🔍 Scanning for alerts on 2 symbols (5min)...
2026-02-11 13:54:55,321 [INFO]     NSE:FORTIS-EQ | CVD=187323 vs Ref=419281 | Close=920.85 vs VAH=928.95
2026-02-11 13:54:57,477 [INFO]     NSE:BPCL-EQ | CVD=-256060 vs Ref=72420 | Close=386.40 vs VAH=390.20
2026-02-11 13:55:57,489 [INFO] 🔍 Scanning for alerts on 2 symbols (5min)...
2026-02-11 13:55:59,799 [INFO]     NSE:FORTIS-EQ | CVD=187323 vs Ref=419281 | Close=920.85 vs VAH=928.95
2026-02-11 13:56:03,718 [INFO]     NSE:BPCL-EQ | CVD=-256060 vs Ref=72420 | Close=386.40 vs VAH=390.20
2026-02-11 13:57:03,873 [INFO] 🔍 Scanning for alerts on 2 symbols (5min)...
2026-02-11 13:57:07,180 [INFO]     NSE:FORTIS-EQ | CVD=179310 vs Ref=419281 | Close=920.00 vs VAH=928.95
2026-02-11 13:57:09,764 [INFO]     NSE:BPCL-EQ | CVD=-247481 vs Ref=72420 | Close=386.60 vs VAH=390.20
